Component: ARM Compiler 5.06 update 7 (build 960) Tool: armlink [4d3601]

==============================================================================

Section Cross References

    startup_stm32f401xc.o(STACK) refers (Special) to heapauxi.o(.text) for __use_two_region_memory
    startup_stm32f401xc.o(HEAP) refers (Special) to heapauxi.o(.text) for __use_two_region_memory
    startup_stm32f401xc.o(RESET) refers (Special) to heapauxi.o(.text) for __use_two_region_memory
    startup_stm32f401xc.o(RESET) refers to startup_stm32f401xc.o(STACK) for __initial_sp
    startup_stm32f401xc.o(RESET) refers to startup_stm32f401xc.o(.text) for Reset_Handler
    startup_stm32f401xc.o(RESET) refers to stm32f4xx_it.o(i.NMI_Handler) for NMI_Handler
    startup_stm32f401xc.o(RESET) refers to stm32f4xx_it.o(i.HardFault_Handler) for HardFault_Handler
    startup_stm32f401xc.o(RESET) refers to stm32f4xx_it.o(i.MemManage_Handler) for MemManage_Handler
    startup_stm32f401xc.o(RESET) refers to stm32f4xx_it.o(i.BusFault_Handler) for BusFault_Handler
    startup_stm32f401xc.o(RESET) refers to stm32f4xx_it.o(i.UsageFault_Handler) for UsageFault_Handler
    startup_stm32f401xc.o(RESET) refers to stm32f4xx_it.o(i.SVC_Handler) for SVC_Handler
    startup_stm32f401xc.o(RESET) refers to stm32f4xx_it.o(i.DebugMon_Handler) for DebugMon_Handler
    startup_stm32f401xc.o(RESET) refers to stm32f4xx_it.o(i.PendSV_Handler) for PendSV_Handler
    startup_stm32f401xc.o(RESET) refers to stm32f4xx_it.o(i.SysTick_Handler) for SysTick_Handler
    startup_stm32f401xc.o(RESET) refers to stm32f4xx_it.o(i.SPI1_IRQHandler) for SPI1_IRQHandler
    startup_stm32f401xc.o(RESET) refers to stm32f4xx_it.o(i.OTG_FS_IRQHandler) for OTG_FS_IRQHandler
    startup_stm32f401xc.o(.text) refers (Special) to heapauxi.o(.text) for __use_two_region_memory
    startup_stm32f401xc.o(.text) refers to system_stm32f4xx.o(i.SystemInit) for SystemInit
    startup_stm32f401xc.o(.text) refers to __main.o(!!!main) for __main
    startup_stm32f401xc.o(.text) refers to startup_stm32f401xc.o(HEAP) for Heap_Mem
    startup_stm32f401xc.o(.text) refers to startup_stm32f401xc.o(STACK) for Stack_Mem
    main.o(i.HAL_SPI_RxCpltCallback) refers to stm32f4xx_hal_gpio.o(i.HAL_GPIO_WritePin) for HAL_GPIO_WritePin
    main.o(i.HAL_SPI_RxCpltCallback) refers to main.o(.data) for .data
    main.o(i.MX_GPIO_Init) refers to rt_memclr_w.o(.text) for __aeabi_memclr4
    main.o(i.MX_GPIO_Init) refers to stm32f4xx_hal_gpio.o(i.HAL_GPIO_WritePin) for HAL_GPIO_WritePin
    main.o(i.MX_GPIO_Init) refers to stm32f4xx_hal_gpio.o(i.HAL_GPIO_Init) for HAL_GPIO_Init
    main.o(i.MX_SPI1_Init) refers to stm32f4xx_hal_spi.o(i.HAL_SPI_Init) for HAL_SPI_Init
    main.o(i.MX_SPI1_Init) refers to main.o(.bss) for .bss
    main.o(i.PeriphCommonClock_Config) refers to rt_memclr_w.o(.text) for __aeabi_memclr4
    main.o(i.PeriphCommonClock_Config) refers to stm32f4xx_hal_rcc_ex.o(i.HAL_RCCEx_PeriphCLKConfig) for HAL_RCCEx_PeriphCLKConfig
    main.o(i.SystemClock_Config) refers to rt_memclr_w.o(.text) for __aeabi_memclr4
    main.o(i.SystemClock_Config) refers to stm32f4xx_hal_rcc.o(i.HAL_RCC_OscConfig) for HAL_RCC_OscConfig
    main.o(i.SystemClock_Config) refers to stm32f4xx_hal_rcc.o(i.HAL_RCC_ClockConfig) for HAL_RCC_ClockConfig
    main.o(i.main) refers to stm32f4xx_hal.o(i.HAL_Init) for HAL_Init
    main.o(i.main) refers to main.o(i.SystemClock_Config) for SystemClock_Config
    main.o(i.main) refers to main.o(i.PeriphCommonClock_Config) for PeriphCommonClock_Config
    main.o(i.main) refers to main.o(i.MX_GPIO_Init) for MX_GPIO_Init
    main.o(i.main) refers to stm32f4xx_hal_i2c.o(i.HAL_I2C_Init) for HAL_I2C_Init
    main.o(i.main) refers to stm32f4xx_hal_i2s.o(i.HAL_I2S_Init) for HAL_I2S_Init
    main.o(i.main) refers to main.o(i.MX_SPI1_Init) for MX_SPI1_Init
    main.o(i.main) refers to usb_host.o(i.MX_USB_HOST_Init) for MX_USB_HOST_Init
    main.o(i.main) refers to stm32f4xx_hal_spi.o(i.HAL_SPI_Receive_IT) for HAL_SPI_Receive_IT
    main.o(i.main) refers to stm32f4xx_hal_gpio.o(i.HAL_GPIO_WritePin) for HAL_GPIO_WritePin
    main.o(i.main) refers to main.o(.bss) for .bss
    main.o(i.main) refers to main.o(.data) for .data
    stm32f4xx_it.o(i.OTG_FS_IRQHandler) refers to stm32f4xx_hal_hcd.o(i.HAL_HCD_IRQHandler) for HAL_HCD_IRQHandler
    stm32f4xx_it.o(i.OTG_FS_IRQHandler) refers to usbh_conf.o(.bss) for hhcd_USB_OTG_FS
    stm32f4xx_it.o(i.SPI1_IRQHandler) refers to stm32f4xx_hal_spi.o(i.HAL_SPI_IRQHandler) for HAL_SPI_IRQHandler
    stm32f4xx_it.o(i.SPI1_IRQHandler) refers to main.o(.bss) for hspi1
    stm32f4xx_it.o(i.SysTick_Handler) refers to stm32f4xx_hal.o(i.HAL_IncTick) for HAL_IncTick
    stm32f4xx_hal_msp.o(i.HAL_I2C_MspDeInit) refers to stm32f4xx_hal_gpio.o(i.HAL_GPIO_DeInit) for HAL_GPIO_DeInit
    stm32f4xx_hal_msp.o(i.HAL_I2C_MspInit) refers to rt_memclr_w.o(.text) for __aeabi_memclr4
    stm32f4xx_hal_msp.o(i.HAL_I2C_MspInit) refers to stm32f4xx_hal_gpio.o(i.HAL_GPIO_Init) for HAL_GPIO_Init
[...]
    i.HAL_Delay                              0x08000834   Section        0  stm32f4xx_hal.o(i.HAL_Delay)
    i.HAL_GPIO_Init                          0x08000858   Section        0  stm32f4xx_hal_gpio.o(i.HAL_GPIO_Init)
    i.HAL_GPIO_WritePin                      0x08000a38   Section        0  stm32f4xx_hal_gpio.o(i.HAL_GPIO_WritePin)
    i.HAL_GetTick                            0x08000a44   Section        0  stm32f4xx_hal.o(i.HAL_GetTick)
    i.HAL_HCD_Connect_Callback               0x08000a50   Section        0  usbh_conf.o(i.HAL_HCD_Connect_Callback)
    i.HAL_HCD_Disconnect_Callback            0x08000a58   Section        0  usbh_conf.o(i.HAL_HCD_Disconnect_Callback)
    i.HAL_HCD_GetCurrentFrame                0x08000a60   Section        0  stm32f4xx_hal_hcd.o(i.HAL_HCD_GetCurrentFrame)
    i.HAL_HCD_HC_GetURBState                 0x08000a66   Section        0  stm32f4xx_hal_hcd.o(i.HAL_HCD_HC_GetURBState)
    i.HAL_HCD_HC_GetXferCount                0x08000a78   Section        0  stm32f4xx_hal_hcd.o(i.HAL_HCD_HC_GetXferCount)
    i.HAL_HCD_HC_Halt                        0x08000a88   Section        0  stm32f4xx_hal_hcd.o(i.HAL_HCD_HC_Halt)
    i.HAL_HCD_HC_Init                        0x08000aac   Section        0  stm32f4xx_hal_hcd.o(i.HAL_HCD_HC_Init)
    i.HAL_HCD_HC_NotifyURBChange_Callback    0x08000b22   Section        0  usbh_conf.o(i.HAL_HCD_HC_NotifyURBChange_Callback)
    i.HAL_HCD_HC_SubmitRequest               0x08000b24   Section        0  stm32f4xx_hal_hcd.o(i.HAL_HCD_HC_SubmitRequest)
    i.HAL_HCD_IRQHandler                     0x08000bbe   Section        0  stm32f4xx_hal_hcd.o(i.HAL_HCD_IRQHandler)
    i.HAL_HCD_Init                           0x08000cf8   Section        0  stm32f4xx_hal_hcd.o(i.HAL_HCD_Init)
    i.HAL_HCD_MspInit                        0x08000d6c   Section        0  usbh_conf.o(i.HAL_HCD_MspInit)
    i.HAL_HCD_PortDisabled_Callback          0x08000e04   Section        0  usbh_conf.o(i.HAL_HCD_PortDisabled_Callback)
    i.HAL_HCD_PortEnabled_Callback           0x08000e0c   Section        0  usbh_conf.o(i.HAL_HCD_PortEnabled_Callback)
    i.HAL_HCD_SOF_Callback                   0x08000e14   Section        0  usbh_conf.o(i.HAL_HCD_SOF_Callback)
    i.HAL_HCD_Start                          0x08000e1c   Section        0  stm32f4xx_hal_hcd.o(i.HAL_HCD_Start)
    i.HAL_HCD_Stop                           0x08000e48   Section        0  stm32f4xx_hal_hcd.o(i.HAL_HCD_Stop)
    i.HAL_I2C_Init                           0x08000e6c   Section        0  stm32f4xx_hal_i2c.o(i.HAL_I2C_Init)
    i.HAL_I2C_MspInit                        0x08000ff4   Section        0  stm32f4xx_hal_msp.o(i.HAL_I2C_MspInit)
    i.HAL_I2SEx_FullDuplex_IRQHandler        0x08001060   Section        0  stm32f4xx_hal_i2s_ex.o(i.HAL_I2SEx_FullDuplex_IRQHandler)
    i.HAL_I2SEx_TxRxCpltCallback             0x08001254   Section        0  stm32f4xx_hal_i2s_ex.o(i.HAL_I2SEx_TxRxCpltCallback)
    i.HAL_I2S_ErrorCallback                  0x08001256   Section        0  stm32f4xx_hal_i2s.o(i.HAL_I2S_ErrorCallback)
    i.HAL_I2S_Init                           0x08001258   Section        0  stm32f4xx_hal_i2s.o(i.HAL_I2S_Init)
    i.HAL_I2S_MspInit                        0x080013cc   Section        0  stm32f4xx_hal_msp.o(i.HAL_I2S_MspInit)
    i.HAL_I2S_RxCpltCallback                 0x080014b8   Section        0  stm32f4xx_hal_i2s.o(i.HAL_I2S_RxCpltCallback)
    i.HAL_I2S_TxCpltCallback                 0x080014ba   Section        0  stm32f4xx_hal_i2s.o(i.HAL_I2S_TxCpltCallback)
    i.HAL_IncTick                            0x080014bc   Section        0  stm32f4xx_hal.o(i.HAL_IncTick)
    i.HAL_Init                               0x080014cc   Section        0  stm32f4xx_hal.o(i.HAL_Init)
    i.HAL_InitTick                           0x08001500   Section        0  stm32f4xx_hal.o(i.HAL_InitTick)
    i.HAL_MspInit                            0x08001540   Section        0  stm32f4xx_hal_msp.o(i.HAL_MspInit)
    i.HAL_NVIC_EnableIRQ                     0x08001574   Section        0  stm32f4xx_hal_cortex.o(i.HAL_NVIC_EnableIRQ)
    i.HAL_NVIC_SetPriority                   0x08001590   Section        0  stm32f4xx_hal_cortex.o(i.HAL_NVIC_SetPriority)
    i.HAL_NVIC_SetPriorityGrouping           0x080015d0   Section        0  stm32f4xx_hal_cortex.o(i.HAL_NVIC_SetPriorityGrouping)
    i.HAL_RCCEx_GetPeriphCLKFreq             0x080015f4   Section        0  stm32f4xx_hal_rcc_ex.o(i.HAL_RCCEx_GetPeriphCLKFreq)
    i.HAL_RCCEx_PeriphCLKConfig              0x08001650   Section        0  stm32f4xx_hal_rcc_ex.o(i.HAL_RCCEx_PeriphCLKConfig)
    i.HAL_RCC_ClockConfig                    0x080017a0   Section        0  stm32f4xx_hal_rcc.o(i.HAL_RCC_ClockConfig)
    i.HAL_RCC_GetPCLK1Freq                   0x080018d4   Section        0  stm32f4xx_hal_rcc.o(i.HAL_RCC_GetPCLK1Freq)
    i.HAL_RCC_GetSysClockFreq                0x080018f4   Section        0  stm32f4xx_hal_rcc.o(i.HAL_RCC_GetSysClockFreq)
    i.HAL_RCC_OscConfig                      0x08001954   Section        0  stm32f4xx_hal_rcc.o(i.HAL_RCC_OscConfig)
    i.HAL_SPI_ErrorCallback                  0x08001cc0   Section        0  stm32f4xx_hal_spi.o(i.HAL_SPI_ErrorCallback)
    i.HAL_SPI_IRQHandler                     0x08001cc4   Section        0  stm32f4xx_hal_spi.o(i.HAL_SPI_IRQHandler)
    i.HAL_SPI_Init                           0x08001dc0   Section        0  stm32f4xx_hal_spi.o(i.HAL_SPI_Init)
    i.HAL_SPI_MspInit                        0x08001e7c   Section        0  stm32f4xx_hal_msp.o(i.HAL_SPI_MspInit)
    i.HAL_SPI_Receive_IT                     0x08001ef4   Section        0  stm32f4xx_hal_spi.o(i.HAL_SPI_Receive_IT)
    i.HAL_SPI_RxCpltCallback                 0x08001fa4   Section        0  main.o(i.HAL_SPI_RxCpltCallback)
    i.HAL_SPI_TransmitReceive_IT             0x08001fc0   Section        0  stm32f4xx_hal_spi.o(i.HAL_SPI_TransmitReceive_IT)
    i.HAL_SPI_TxRxCpltCallback               0x08002064   Section        0  stm32f4xx_hal_spi.o(i.HAL_SPI_TxRxCpltCallback)
    i.HAL_SYSTICK_Config                     0x08002066   Section        0  stm32f4xx_hal_cortex.o(i.HAL_SYSTICK_Config)
    i.HCD_HC_IN_IRQHandler                   0x0800208e   Section        0  stm32f4xx_hal_hcd.o(i.HCD_HC_IN_IRQHandler)
    HCD_HC_IN_IRQHandler                     0x0800208f   Thumb Code   636  stm32f4xx_hal_hcd.o(i.HCD_HC_IN_IRQHandler)
    i.HCD_HC_OUT_IRQHandler                  0x0800230a   Section        0  stm32f4xx_hal_hcd.o(i.HCD_HC_OUT_IRQHandler)
    HCD_HC_OUT_IRQHandler                    0x0800230b   Thumb Code   682  stm32f4xx_hal_hcd.o(i.HCD_HC_OUT_IRQHandler)
    i.HCD_Port_IRQHandler                    0x080025b4   Section        0  stm32f4xx_hal_hcd.o(i.HCD_Port_IRQHandler)
    HCD_Port_IRQHandler                      0x080025b5   Thumb Code   148  stm32f4xx_hal_hcd.o(i.HCD_Port_IRQHandler)
    i.HCD_RXQLVL_IRQHandler                  0x08002648   Section        0  stm32f4xx_hal_hcd.o(i.HCD_RXQLVL_IRQHandler)
    HCD_RXQLVL_IRQHandler                    0x08002649   Thumb Code   140  stm32f4xx_hal_hcd.o(i.HCD_RXQLVL_IRQHandler)
    i.HardFault_Handler                      0x080026d4   Section        0  stm32f4xx_it.o(i.HardFault_Handler)
    i.I2SEx_RxISR_I2SExt                     0x080026d8   Section        0  stm32f4xx_hal_i2s_ex.o(i.I2SEx_RxISR_I2SExt)
    I2SEx_RxISR_I2SExt                       0x080026d9   Thumb Code    88  stm32f4xx_hal_i2s_ex.o(i.I2SEx_RxISR_I2SExt)
    i.I2SEx_TxISR_I2SExt                     0x08002738   Section        0  stm32f4xx_hal_i2s_ex.o(i.I2SEx_TxISR_I2SExt)
    I2SEx_TxISR_I2SExt                       0x08002739   Thumb Code    88  stm32f4xx_hal_i2s_ex.o(i.I2SEx_TxISR_I2SExt)
    i.I2S_IRQHandler                         0x08002798   Section        0  stm32f4xx_hal_i2s.o(i.I2S_IRQHandler)
    I2S_IRQHandler                           0x08002799   Thumb Code   242  stm32f4xx_hal_i2s.o(i.I2S_IRQHandler)
    i.MX_DriverVbusFS                        0x0800288c   Section        0  usbh_platform.o(i.MX_DriverVbusFS)
    i.MX_GPIO_Init                           0x080028a0   Section        0  main.o(i.MX_GPIO_Init)
    MX_GPIO_Init                             0x080028a1   Thumb Code   284  main.o(i.MX_GPIO_Init)
    i.MX_SPI1_Init                           0x080029d0   Section        0  main.o(i.MX_SPI1_Init)
    MX_SPI1_Init                             0x080029d1   Thumb Code    52  main.o(i.MX_SPI1_Init)
    i.MX_USB_HOST_Init                       0x08002a0c   Section        0  usb_host.o(i.MX_USB_HOST_Init)
    i.MemManage_Handler                      0x08002a4c   Section        0  stm32f4xx_it.o(i.MemManage_Handler)
    i.NMI_Handler                            0x08002a4e   Section        0  stm32f4xx_it.o(i.NMI_Handler)
    i.OTG_FS_IRQHandler                      0x08002a50   Section        0  stm32f4xx_it.o(i.OTG_FS_IRQHandler)
    i.PendSV_Handler                         0x08002a5c   Section        0  stm32f4xx_it.o(i.PendSV_Handler)
    i.PeriphCommonClock_Config               0x08002a5e   Section        0  main.o(i.PeriphCommonClock_Config)
    i.SPI1_IRQHandler                        0x08002a88   Section        0  stm32f4xx_it.o(i.SPI1_IRQHandler)
    i.SPI_2linesRxISR_16BIT                  0x08002a94   Section        0  stm32f4xx_hal_spi.o(i.SPI_2linesRxISR_16BIT)
    SPI_2linesRxISR_16BIT                    0x08002a95   Thumb Code    48  stm32f4xx_hal_spi.o(i.SPI_2linesRxISR_16BIT)
    i.SPI_2linesRxISR_8BIT                   0x08002ac4   Section        0  stm32f4xx_hal_spi.o(i.SPI_2linesRxISR_8BIT)
    SPI_2linesRxISR_8BIT                     0x08002ac5   Thumb Code    48  stm32f4xx_hal_spi.o(i.SPI_2linesRxISR_8BIT)
    i.SPI_2linesTxISR_16BIT                  0x08002af4   Section        0  stm32f4xx_hal_spi.o(i.SPI_2linesTxISR_16BIT)
    SPI_2linesTxISR_16BIT                    0x08002af5   Thumb Code    48  stm32f4xx_hal_spi.o(i.SPI_2linesTxISR_16BIT)
    i.SPI_2linesTxISR_8BIT                   0x08002b24   Section        0  stm32f4xx_hal_spi.o(i.SPI_2linesTxISR_8BIT)
    SPI_2linesTxISR_8BIT                     0x08002b25   Thumb Code    48  stm32f4xx_hal_spi.o(i.SPI_2linesTxISR_8BIT)
    i.SPI_CloseRxTx_ISR                      0x08002b54   Section        0  stm32f4xx_hal_spi.o(i.SPI_CloseRxTx_ISR)
    SPI_CloseRxTx_ISR                        0x08002b55   Thumb Code   140  stm32f4xx_hal_spi.o(i.SPI_CloseRxTx_ISR)
    i.SPI_CloseRx_ISR                        0x08002be4   Section        0  stm32f4xx_hal_spi.o(i.SPI_CloseRx_ISR)
    SPI_CloseRx_ISR                          0x08002be5   Thumb Code    76  stm32f4xx_hal_spi.o(i.SPI_CloseRx_ISR)
    i.SPI_DMAAbortOnError                    0x08002c30   Section        0  stm32f4xx_hal_spi.o(i.SPI_DMAAbortOnError)
    SPI_DMAAbortOnError                      0x08002c31   Thumb Code    16  stm32f4xx_hal_spi.o(i.SPI_DMAAbortOnError)
    i.SPI_EndRxTransaction                   0x08002c40   Section        0  stm32f4xx_hal_spi.o(i.SPI_EndRxTransaction)
    SPI_EndRxTransaction                     0x08002c41   Thumb Code    92  stm32f4xx_hal_spi.o(i.SPI_EndRxTransaction)
    i.SPI_EndRxTxTransaction                 0x08002c9c   Section        0  stm32f4xx_hal_spi.o(i.SPI_EndRxTxTransaction)
    SPI_EndRxTxTransaction                   0x08002c9d   Thumb Code    80  stm32f4xx_hal_spi.o(i.SPI_EndRxTxTransaction)
    i.SPI_RxISR_16BIT                        0x08002cf4   Section        0  stm32f4xx_hal_spi.o(i.SPI_RxISR_16BIT)
    SPI_RxISR_16BIT                          0x08002cf5   Thumb Code    32  stm32f4xx_hal_spi.o(i.SPI_RxISR_16BIT)
    i.SPI_RxISR_8BIT                         0x08002d14   Section        0  stm32f4xx_hal_spi.o(i.SPI_RxISR_8BIT)
    SPI_RxISR_8BIT                           0x08002d15   Thumb Code    32  stm32f4xx_hal_spi.o(i.SPI_RxISR_8BIT)
    i.SPI_WaitFlagStateUntilTimeout          0x08002d34   Section        0  stm32f4xx_hal_spi.o(i.SPI_WaitFlagStateUntilTimeout)
    SPI_WaitFlagStateUntilTimeout            0x08002d35   Thumb Code   180  stm32f4xx_hal_spi.o(i.SPI_WaitFlagStateUntilTimeout)
    i.SVC_Handler                            0x08002dec   Section        0  stm32f4xx_it.o(i.SVC_Handler)
    i.SysTick_Handler                        0x08002dee   Section        0  stm32f4xx_it.o(i.SysTick_Handler)
    i.SystemClock_Config                     0x08002df4   Section        0  main.o(i.SystemClock_Config)
    i.SystemInit                             0x08002e8c   Section        0  system_stm32f4xx.o(i.SystemInit)
    i.USBH_AllocPipe                         0x08002e9c   Section        0  usbh_pipes.o(i.USBH_AllocPipe)
    i.USBH_BulkReceiveData                   0x08002ed4   Section        0  usbh_ioreq.o(i.USBH_BulkReceiveData)
    i.USBH_BulkSendData                      0x08002ef4   Section        0  usbh_ioreq.o(i.USBH_BulkSendData)
    i.USBH_CDC_ClassRequest                  0x08002f1c   Section        0  usbh_cdc.o(i.USBH_CDC_ClassRequest)
    USBH_CDC_ClassRequest                    0x08002f1d   Thumb Code    36  usbh_cdc.o(i.USBH_CDC_ClassRequest)
    i.USBH_CDC_InterfaceDeInit               0x08002f40   Section        0  usbh_cdc.o(i.USBH_CDC_InterfaceDeInit)
    USBH_CDC_InterfaceDeInit                 0x08002f41   Thumb Code    94  usbh_cdc.o(i.USBH_CDC_InterfaceDeInit)
    i.USBH_CDC_InterfaceInit                 0x08002f9e   Section        0  usbh_cdc.o(i.USBH_CDC_InterfaceInit)
    USBH_CDC_InterfaceInit                   0x08002f9f   Thumb Code   324  usbh_cdc.o(i.USBH_CDC_InterfaceInit)
    i.USBH_CDC_LineCodingChanged             0x080030e2   Section        0  usbh_cdc.o(i.USBH_CDC_LineCodingChanged)
    i.USBH_CDC_Process                       0x080030e4   Section        0  usbh_cdc.o(i.USBH_CDC_Process)
    USBH_CDC_Process                         0x080030e5   Thumb Code   184  usbh_cdc.o(i.USBH_CDC_Process)
    i.USBH_CDC_ReceiveCallback               0x0800319c   Section        0  usbh_cdc.o(i.USBH_CDC_ReceiveCallback)
    i.USBH_CDC_SOFProcess                    0x0800319e   Section        0  usbh_cdc.o(i.USBH_CDC_SOFProcess)
    USBH_CDC_SOFProcess                      0x0800319f   Thumb Code     4  usbh_cdc.o(i.USBH_CDC_SOFProcess)
    i.USBH_CDC_TransmitCallback              0x080031a2   Section        0  usbh_cdc.o(i.USBH_CDC_TransmitCallback)
    i.USBH_ClosePipe                         0x080031a4   Section        0  usbh_pipes.o(i.USBH_ClosePipe)
    i.USBH_ClrFeature                        0x080031ae   Section        0  usbh_ctlreq.o(i.USBH_ClrFeature)
    i.USBH_CtlReceiveData                    0x080031cc   Section        0  usbh_ioreq.o(i.USBH_CtlReceiveData)
    i.USBH_CtlReq                            0x080031ea   Section        0  usbh_ctlreq.o(i.USBH_CtlReq)
    i.USBH_CtlSendData                       0x08003224   Section        0  usbh_ioreq.o(i.USBH_CtlSendData)
    i.USBH_CtlSendSetup                      0x0800324c   Section        0  usbh_ioreq.o(i.USBH_CtlSendSetup)
    i.USBH_FindInterface                     0x0800326c   Section        0  usbh_core.o(i.USBH_FindInterface)
    i.USBH_FreePipe                          0x080032b0   Section        0  usbh_pipes.o(i.USBH_FreePipe)
    i.USBH_Get_USB_Status                    0x080032c8   Section        0  usbh_conf.o(i.USBH_Get_USB_Status)
    i.USBH_HandleControl                     0x080032e0   Section        0  usbh_ctlreq.o(i.USBH_HandleControl)
    USBH_HandleControl                       0x080032e1   Thumb Code   402  usbh_ctlreq.o(i.USBH_HandleControl)
    i.USBH_Init                              0x08003472   Section        0  usbh_core.o(i.USBH_Init)
    i.USBH_LL_ClosePipe                      0x080034b0   Section        0  usbh_conf.o(i.USBH_LL_ClosePipe)
    i.USBH_LL_Connect                        0x080034c2   Section        0  usbh_core.o(i.USBH_LL_Connect)
    i.USBH_LL_Disconnect                     0x080034d6   Section        0  usbh_core.o(i.USBH_LL_Disconnect)
    i.USBH_LL_DriverVBUS                     0x08003504   Section        0  usbh_conf.o(i.USBH_LL_DriverVBUS)
    i.USBH_LL_GetLastXferSize                0x0800351e   Section        0  usbh_conf.o(i.USBH_LL_GetLastXferSize)
    i.USBH_LL_GetURBState                    0x08003526   Section        0  usbh_conf.o(i.USBH_LL_GetURBState)
    i.USBH_LL_IncTimer                       0x0800352e   Section        0  usbh_core.o(i.USBH_LL_IncTimer)
    i.USBH_LL_Init                           0x0800354c   Section        0  usbh_conf.o(i.USBH_LL_Init)
    i.USBH_LL_OpenPipe                       0x0800359c   Section        0  usbh_conf.o(i.USBH_LL_OpenPipe)
    i.USBH_LL_PortDisabled                   0x080035b8   Section        0  usbh_core.o(i.USBH_LL_PortDisabled)
    i.USBH_LL_PortEnabled                    0x080035c0   Section        0  usbh_core.o(i.USBH_LL_PortEnabled)
    i.USBH_LL_SetTimer                       0x080035c8   Section        0  usbh_core.o(i.USBH_LL_SetTimer)
    i.USBH_LL_SetToggle                      0x080035ce   Section        0  usbh_conf.o(i.USBH_LL_SetToggle)
    i.USBH_LL_Start                          0x080035f2   Section        0  usbh_conf.o(i.USBH_LL_Start)
    i.USBH_LL_Stop                           0x08003604   Section        0  usbh_conf.o(i.USBH_LL_Stop)
    i.USBH_LL_SubmitURB                      0x08003616   Section        0  usbh_conf.o(i.USBH_LL_SubmitURB)
    i.USBH_OpenPipe                          0x08003638   Section        0  usbh_pipes.o(i.USBH_OpenPipe)
    i.USBH_RegisterClass                     0x0800364c   Section        0  usbh_core.o(i.USBH_RegisterClass)
    i.USBH_SelectInterface                   0x08003668   Section        0  usbh_core.o(i.USBH_SelectInterface)
    i.USBH_Start                             0x0800367e   Section        0  usbh_core.o(i.USBH_Start)
    i.USBH_UserProcess                       0x08003694   Section        0  usb_host.o(i.USBH_UserProcess)
    USBH_UserProcess                         0x08003695   Thumb Code    28  usb_host.o(i.USBH_UserProcess)
    i.USB_CoreInit                           0x080036b4   Section        0  stm32f4xx_ll_usb.o(i.USB_CoreInit)
    i.USB_CoreReset                          0x08003728   Section        0  stm32f4xx_ll_usb.o(i.USB_CoreReset)
    USB_CoreReset                            0x08003729   Thumb Code    58  stm32f4xx_ll_usb.o(i.USB_CoreReset)
    i.USB_DisableGlobalInt                   0x08003768   Section        0  stm32f4xx_ll_usb.o(i.USB_DisableGlobalInt)
    i.USB_DoPing                             0x08003774   Section        0  stm32f4xx_ll_usb.o(i.USB_DoPing)
    i.USB_DriveVbus                          0x08003798   Section        0  stm32f4xx_ll_usb.o(i.USB_DriveVbus)
    i.USB_EnableGlobalInt                    0x080037c4   Section        0  stm32f4xx_ll_usb.o(i.USB_EnableGlobalInt)
    i.USB_FlushRxFifo                        0x080037d0   Section        0  stm32f4xx_ll_usb.o(i.USB_FlushRxFifo)
    i.USB_FlushTxFifo                        0x080037f8   Section        0  stm32f4xx_ll_usb.o(i.USB_FlushTxFifo)
    i.USB_GetCurrentFrame                    0x08003824   Section        0  stm32f4xx_ll_usb.o(i.USB_GetCurrentFrame)
    i.USB_GetHostSpeed                       0x0800382c   Section        0  stm32f4xx_ll_usb.o(i.USB_GetHostSpeed)
    i.USB_GetMode                            0x0800383a   Section        0  stm32f4xx_ll_usb.o(i.USB_GetMode)
    i.USB_HC_Halt                            0x08003842   Section        0  stm32f4xx_ll_usb.o(i.USB_HC_Halt)
    i.USB_HC_Init                            0x0800391c   Section        0  stm32f4xx_ll_usb.o(i.USB_HC_Init)
    i.USB_HC_ReadInterrupt                   0x08003a16   Section        0  stm32f4xx_ll_usb.o(i.USB_HC_ReadInterrupt)
    i.USB_HC_StartXfer                       0x08003a1e   Section        0  stm32f4xx_ll_usb.o(i.USB_HC_StartXfer)
    i.USB_HostInit                           0x08003b60   Section        0  stm32f4xx_ll_usb.o(i.USB_HostInit)
    i.USB_InitFSLSPClkSel                    0x08003c20   Section        0  stm32f4xx_ll_usb.o(i.USB_InitFSLSPClkSel)
    i.USB_ReadInterrupts                     0x08003c56   Section        0  stm32f4xx_ll_usb.o(i.USB_ReadInterrupts)
    i.USB_ReadPacket                         0x08003c5e   Section        0  stm32f4xx_ll_usb.o(i.USB_ReadPacket)
    i.USB_SetCurrentMode                     0x08003c9c   Section        0  stm32f4xx_ll_usb.o(i.USB_SetCurrentMode)
    i.USB_StopHost                           0x08003cf8   Section        0  stm32f4xx_ll_usb.o(i.USB_StopHost)
    i.USB_WritePacket                        0x08003d78   Section        0  stm32f4xx_ll_usb.o(i.USB_WritePacket)
    i.UsageFault_Handler                     0x08003da0   Section        0  stm32f4xx_it.o(i.UsageFault_Handler)
    i.__NVIC_SetPriority                     0x08003da2   Section        0  stm32f4xx_hal_cortex.o(i.__NVIC_SetPriority)
    __NVIC_SetPriority                       0x08003da3   Thumb Code    32  stm32f4xx_hal_cortex.o(i.__NVIC_SetPriority)
    i.main                                   0x08003dc4   Section        0  main.o(i.main)
    x$fpl$fpinit                             0x08003e9c   Section       10  fpinit.o(x$fpl$fpinit)
    $v0                                      0x08003e9c   Number         0  fpinit.o(x$fpl$fpinit)
    .constdata                               0x08003ea6   Section       16  system_stm32f4xx.o(.constdata)
    .constdata                               0x08003eb6   Section        8  system_stm32f4xx.o(.constdata)
    .conststring                             0x08003ec0   Section        4  usbh_cdc.o(.conststring)
    .data                                    0x20000000   Section        6  main.o(.data)
    .data                                    0x20000006   Section        1  usb_host.o(.data)
    .data                                    0x20000008   Section       12  stm32f4xx_hal.o(.data)
    .data                                    0x20000014   Section        4  system_stm32f4xx.o(.data)
    .data                                    0x20000018   Section       32  usbh_cdc.o(.data)
    .bss                                     0x20000038   Section      316  main.o(.bss)
    .bss                                     0x20000174   Section      984  usb_host.o(.bss)
    .bss                                     0x2000054c   Section      772  usbh_conf.o(.bss)
    .bss                                     0x20000850   Section       96  libspace.o(.bss)
    HEAP                                     0x200008b0   Section      512  startup_stm32f401xc.o(HEAP)
    Heap_Mem                                 0x200008b0   Data         512  startup_stm32f401xc.o(HEAP)
    STACK                                    0x20000ab0   Section     1024  startup_stm32f401xc.o(STACK)
    Stack_Mem                                0x20000ab0   Data        1024  startup_stm32f401xc.o(STACK)
    __initial_sp                             0x20000eb0   Data           0  startup_stm32f401xc.o(STACK)

    Global Symbols

    Symbol Name                              Value     Ov Type        Size  Object(Section)

    BuildAttributes$$THM_ISAv4$E$P$D$K$B$S$7EM$VFPi3$EXTD16$VFPS$VFMA$PE$A:L22UL41UL21$X:L11$S22US41US21$IEEE1$IW$USESV6$~STKCKD$USESV7$~SHL$OTIME$ROPI$EBA8$UX$STANDARDLIB$REQ8$PRES8$EABIv2 0x00000000   Number         0  anon$$obj.o ABSOLUTE
    __ARM_use_no_argv                        0x00000000   Number         0  main.o ABSOLUTE
    __ARM_exceptions_init                     - Undefined Weak Reference
    __alloca_initialize                       - Undefined Weak Reference
    __arm_fini_                               - Undefined Weak Reference
    __arm_preinit_                            - Undefined Weak Reference
    __cpp_initialize__aeabi_                  - Undefined Weak Reference
    __cxa_finalize                            - Undefined Weak Reference
    __rt_locale                               - Undefined Weak Reference
    __sigvec_lookup                           - Undefined Weak Reference
    __user_heap_extent                        - Undefined Weak Reference
    _atexit_init                              - Undefined Weak Reference
    _call_atexit_fns                          - Undefined Weak Reference
    _clock_init                               - Undefined Weak Reference
    _fp_trap_init                             - Undefined Weak Reference
    _fp_trap_shutdown                         - Undefined Weak Reference
    _get_lc_collate                           - Undefined Weak Reference
    _get_lc_ctype                             - Undefined Weak Reference
    _get_lc_monetary                          - Undefined Weak Reference
    _get_lc_numeric                           - Undefined Weak Reference
    _get_lc_time                              - Undefined Weak Reference
    _getenv_init                              - Undefined Weak Reference
    _handle_redirection                       - Undefined Weak Reference
    _initio                                   - Undefined Weak Reference
    _mutex_acquire                            - Undefined Weak Reference
    _mutex_free                               - Undefined Weak Reference
    _mutex_release                            - Undefined Weak Reference
    _rand_init                                - Undefined Weak Reference
    _signal_finish                            - Undefined Weak Reference
    _signal_init                              - Undefined Weak Reference
    _terminateio                              - Undefined Weak Reference
    __Vectors_Size                           0x00000194   Number         0  startup_stm32f401xc.o ABSOLUTE
    __Vectors                                0x08000000   Data           4  startup_stm32f401xc.o(RESET)
    __Vectors_End                            0x08000194   Data           0  startup_stm32f401xc.o(RESET)
    __main                                   0x08000195   Thumb Code     8  __main.o(!!!main)
    __scatterload                            0x0800019d   Thumb Code     0  __scatter.o(!!!scatter)
    __scatterload_rt2                        0x0800019d   Thumb Code    44  __scatter.o(!!!scatter)
    __scatterload_rt2_thumb_only             0x0800019d   Thumb Code     0  __scatter.o(!!!scatter)
    __scatterload_null                       0x080001ab   Thumb Code     0  __scatter.o(!!!scatter)
    __scatterload_copy                       0x080001d1   Thumb Code    26  __scatter_copy.o(!!handler_copy)
    __scatterload_zeroinit                   0x080001ed   Thumb Code    28  __scatter_zi.o(!!handler_zi)
    __rt_lib_init                            0x08000209   Thumb Code     0  libinit.o(.ARM.Collect$$libinit$$00000000)
    __rt_lib_init_fp_1                       0x0800020b   Thumb Code     0  libinit2.o(.ARM.Collect$$libinit$$00000001)
    __rt_lib_init_heap_2                     0x0800020f   Thumb Code     0  libinit2.o(.ARM.Collect$$libinit$$00000005)
    __rt_lib_init_preinit_1                  0x0800020f   Thumb Code     0  libinit2.o(.ARM.Collect$$libinit$$00000004)
    __rt_lib_init_alloca_1                   0x08000217   Thumb Code     0  libinit2.o(.ARM.Collect$$libinit$$0000002E)
    __rt_lib_init_argv_1                     0x08000217   Thumb Code     0  libinit2.o(.ARM.Collect$$libinit$$0000002C)
    __rt_lib_init_atexit_1                   0x08000217   Thumb Code     0  libinit2.o(.ARM.Collect$$libinit$$0000001B)
    __rt_lib_init_clock_1                    0x08000217   Thumb Code     0  libinit2.o(.ARM.Collect$$libinit$$00000021)
    __rt_lib_init_cpp_1                      0x08000217   Thumb Code     0  libinit2.o(.ARM.Collect$$libinit$$00000032)
    __rt_lib_init_exceptions_1               0x08000217   Thumb Code     0  libinit2.o(.ARM.Collect$$libinit$$00000030)
    __rt_lib_init_fp_trap_1                  0x08000217   Thumb Code     0  libinit2.o(.ARM.Collect$$libinit$$0000001F)
    __rt_lib_init_getenv_1                   0x08000217   Thumb Code     0  libinit2.o(.ARM.Collect$$libinit$$00000023)
    __rt_lib_init_heap_1                     0x08000217   Thumb Code     0  libinit2.o(.ARM.Collect$$libinit$$0000000A)
    __rt_lib_init_lc_collate_1               0x08000217   Thumb Code     0  libinit2.o(.ARM.Collect$$libinit$$00000011)
    __rt_lib_init_lc_ctype_1                 0x08000217   Thumb Code     0  libinit2.o(.ARM.Collect$$libinit$$00000013)
    __rt_lib_init_lc_monetary_1              0x08000217   Thumb Code     0  libinit2.o(.ARM.Collect$$libinit$$00000015)
    __rt_lib_init_lc_numeric_1               0x08000217   Thumb Code     0  libinit2.o(.ARM.Collect$$libinit$$00000017)
    __rt_lib_init_lc_time_1                  0x08000217   Thumb Code     0  libinit2.o(.ARM.Collect$$libinit$$00000019)
    __rt_lib_init_rand_1                     0x08000217   Thumb Code     0  libinit2.o(.ARM.Collect$$libinit$$0000000E)
    __rt_lib_init_return                     0x08000217   Thumb Code     0  libinit2.o(.ARM.Collect$$libinit$$00000033)
    __rt_lib_init_signal_1                   0x08000217   Thumb Code     0  libinit2.o(.ARM.Collect$$libinit$$0000001D)
    __rt_lib_init_stdio_1                    0x08000217   Thumb Code     0  libinit2.o(.ARM.Collect$$libinit$$00000025)
    __rt_lib_init_user_alloc_1               0x08000217   Thumb Code     0  libinit2.o(.ARM.Collect$$libinit$$0000000C)
    __rt_lib_shutdown                        0x08000219   Thumb Code     0  libshutdown.o(.ARM.Collect$$libshutdown$$00000000)
    __rt_lib_shutdown_cpp_1                  0x0800021b   Thumb Code     0  libshutdown2.o(.ARM.Collect$$libshutdown$$00000004)
    __rt_lib_shutdown_fini_1                 0x0800021b   Thumb Code     0  libshutdown2.o(.ARM.Collect$$libshutdown$$00000002)
    __rt_lib_shutdown_fp_trap_1              0x0800021b   Thumb Code     0  libshutdown2.o(.ARM.Collect$$libshutdown$$00000009)
    __rt_lib_shutdown_heap_1                 0x0800021b   Thumb Code     0  libshutdown2.o(.ARM.Collect$$libshutdown$$00000011)
    __rt_lib_shutdown_return                 0x0800021b   Thumb Code     0  libshutdown2.o(.ARM.Collect$$libshutdown$$00000012)
    __rt_lib_shutdown_signal_1               0x0800021b   Thumb Code     0  libshutdown2.o(.ARM.Collect$$libshutdown$$0000000C)
    __rt_lib_shutdown_stdio_1                0x0800021b   Thumb Code     0  libshutdown2.o(.ARM.Collect$$libshutdown$$00000006)
    __rt_lib_shutdown_user_alloc_1           0x0800021b   Thumb Code     0  libshutdown2.o(.ARM.Collect$$libshutdown$$0000000E)
    __rt_entry                               0x0800021d   Thumb Code     0  __rtentry.o(.ARM.Collect$$rtentry$$00000000)
    __rt_entry_presh_1                       0x0800021d   Thumb Code     0  __rtentry2.o(.ARM.Collect$$rtentry$$00000002)
    __rt_entry_sh                            0x0800021d   Thumb Code     0  __rtentry4.o(.ARM.Collect$$rtentry$$00000004)
    __rt_entry_li                            0x08000223   Thumb Code     0  __rtentry2.o(.ARM.Collect$$rtentry$$0000000A)
    __rt_entry_postsh_1                      0x08000223   Thumb Code     0  __rtentry2.o(.ARM.Collect$$rtentry$$00000009)
    __rt_entry_main                          0x08000227   Thumb Code     0  __rtentry2.o(.ARM.Collect$$rtentry$$0000000D)
    __rt_entry_postli_1                      0x08000227   Thumb Code     0  __rtentry2.o(.ARM.Collect$$rtentry$$0000000C)
    __rt_exit                                0x0800022f   Thumb Code     0  rtexit.o(.ARM.Collect$$rtexit$$00000000)
    __rt_exit_ls                             0x08000231   Thumb Code     0  rtexit2.o(.ARM.Collect$$rtexit$$00000003)
    __rt_exit_prels_1                        0x08000231   Thumb Code     0  rtexit2.o(.ARM.Collect$$rtexit$$00000002)
    __rt_exit_exit                           0x08000235   Thumb Code     0  rtexit2.o(.ARM.Collect$$rtexit$$00000004)
    Reset_Handler                            0x0800023d   Thumb Code     8  startup_stm32f401xc.o(.text)
    _maybe_terminate_alloc                   0x0800023d   Thumb Code     0  maybetermalloc1.o(.emb_text)
    ADC_IRQHandler                           0x08000257   Thumb Code     0  startup_stm32f401xc.o(.text)
    DMA1_Stream0_IRQHandler                  0x08000257   Thumb Code     0  startup_stm32f401xc.o(.text)
    DMA1_Stream1_IRQHandler                  0x08000257   Thumb Code     0  startup_stm32f401xc.o(.text)
    DMA1_Stream2_IRQHandler                  0x08000257   Thumb Code     0  startup_stm32f401xc.o(.text)
    DMA1_Stream3_IRQHandler                  0x08000257   Thumb Code     0  startup_stm32f401xc.o(.text)
    DMA1_Stream4_IRQHandler                  0x08000257   Thumb Code     0  startup_stm32f401xc.o(.text)
    DMA1_Stream5_IRQHandler                  0x08000257   Thumb Code     0  startup_stm32f401xc.o(.text)
    DMA1_Stream6_IRQHandler                  0x08000257   Thumb Code     0  startup_stm32f401xc.o(.text)
    DMA1_Stream7_IRQHandler                  0x08000257   Thumb Code     0  startup_stm32f401xc.o(.text)
    DMA2_Stream0_IRQHandler                  0x08000257   Thumb Code     0  startup_stm32f401xc.o(.text)
    DMA2_Stream1_IRQHandler                  0x08000257   Thumb Code     0  startup_stm32f401xc.o(.text)
    DMA2_Stream2_IRQHandler                  0x08000257   Thumb Code     0  startup_stm32f401xc.o(.text)
    DMA2_Stream3_IRQHandler                  0x08000257   Thumb Code     0  startup_stm32f401xc.o(.text)
    DMA2_Stream4_IRQHandler                  0x08000257   Thumb Code     0  startup_stm32f401xc.o(.text)
    DMA2_Stream5_IRQHandler                  0x08000257   Thumb Code     0  startup_stm32f401xc.o(.text)
    DMA2_Stream6_IRQHandler                  0x08000257   Thumb Code     0  startup_stm32f401xc.o(.text)
    DMA2_Stream7_IRQHandler                  0x08000257   Thumb Code     0  startup_stm32f401xc.o(.text)
    EXTI0_IRQHandler                         0x08000257   Thumb Code     0  startup_stm32f401xc.o(.text)
    EXTI15_10_IRQHandler                     0x08000257   Thumb Code     0  startup_stm32f401xc.o(.text)
    EXTI1_IRQHandler                         0x08000257   Thumb Code     0  startup_stm32f401xc.o(.text)
    EXTI2_IRQHandler                         0x08000257   Thumb Code     0  startup_stm32f401xc.o(.text)
    EXTI3_IRQHandler                         0x08000257   Thumb Code     0  startup_stm32f401xc.o(.text)
    EXTI4_IRQHandler                         0x08000257   Thumb Code     0  startup_stm32f401xc.o(.text)
    EXTI9_5_IRQHandler                       0x08000257   Thumb Code     0  startup_stm32f401xc.o(.text)
    FLASH_IRQHandler                         0x08000257   Thumb Code     0  startup_stm32f401xc.o(.text)
    FPU_IRQHandler                           0x08000257   Thumb Code     0  startup_stm32f401xc.o(.text)
    I2C1_ER_IRQHandler                       0x08000257   Thumb Code     0  startup_stm32f401xc.o(.text)
    I2C1_EV_IRQHandler                       0x08000257   Thumb Code     0  startup_stm32f401xc.o(.text)
    I2C2_ER_IRQHandler                       0x08000257   Thumb Code     0  startup_stm32f401xc.o(.text)
    I2C2_EV_IRQHandler                       0x08000257   Thumb Code     0  startup_stm32f401xc.o(.text)
    I2C3_ER_IRQHandler                       0x08000257   Thumb Code     0  startup_stm32f401xc.o(.text)
    I2C3_EV_IRQHandler                       0x08000257   Thumb Code     0  startup_stm32f401xc.o(.text)
    OTG_FS_WKUP_IRQHandler                   0x08000257   Thumb Code     0  startup_stm32f401xc.o(.text)
    PVD_IRQHandler                           0x08000257   Thumb Code     0  startup_stm32f401xc.o(.text)
    RCC_IRQHandler                           0x08000257   Thumb Code     0  startup_stm32f401xc.o(.text)
    RTC_Alarm_IRQHandler                     0x08000257   Thumb Code     0  startup_stm32f401xc.o(.text)
    RTC_WKUP_IRQHandler                      0x08000257   Thumb Code     0  startup_stm32f401xc.o(.text)
    SDIO_IRQHandler                          0x08000257   Thumb Code     0  startup_stm32f401xc.o(.text)
    SPI2_IRQHandler                          0x08000257   Thumb Code     0  startup_stm32f401xc.o(.text)
    SPI3_IRQHandler                          0x08000257   Thumb Code     0  startup_stm32f401xc.o(.text)
    SPI4_IRQHandler                          0x08000257   Thumb Code     0  startup_stm32f401xc.o(.text)
    TAMP_STAMP_IRQHandler                    0x08000257   Thumb Code     0  startup_stm32f401xc.o(.text)
    TIM1_BRK_TIM9_IRQHandler                 0x08000257   Thumb Code     0  startup_stm32f401xc.o(.text)
    TIM1_CC_IRQHandler                       0x08000257   Thumb Code     0  startup_stm32f401xc.o(.text)
    TIM1_TRG_COM_TIM11_IRQHandler            0x08000257   Thumb Code     0  startup_stm32f401xc.o(.text)
    TIM1_UP_TIM10_IRQHandler                 0x08000257   Thumb Code     0  startup_stm32f401xc.o(.text)
    TIM2_IRQHandler                          0x08000257   Thumb Code     0  startup_stm32f401xc.o(.text)
    TIM3_IRQHandler                          0x08000257   Thumb Code     0  startup_stm32f401xc.o(.text)
    TIM4_IRQHandler                          0x08000257   Thumb Code     0  startup_stm32f401xc.o(.text)
    TIM5_IRQHandler                          0x08000257   Thumb Code     0  startup_stm32f401xc.o(.text)
    USART1_IRQHandler                        0x08000257   Thumb Code     0  startup_stm32f401xc.o(.text)
    USART2_IRQHandler                        0x08000257   Thumb Code     0  startup_stm32f401xc.o(.text)
    USART6_IRQHandler                        0x08000257   Thumb Code     0  startup_stm32f401xc.o(.text)
    WWDG_IRQHandler                          0x08000257   Thumb Code     0  startup_stm32f401xc.o(.text)
    __user_initial_stackheap                 0x08000259   Thumb Code     0  startup_stm32f401xc.o(.text)
    malloc                                   0x0800027d   Thumb Code    94  h1_alloc.o(.text)
    free                                     0x080002db   Thumb Code    78  h1_free.o(.text)
    __aeabi_uldivmod                         0x08000329   Thumb Code     0  lludivv7m.o(.text)
    _ll_udiv                                 0x08000329   Thumb Code   238  lludivv7m.o(.text)
    __aeabi_memcpy4                          0x08000417   Thumb Code     0  rt_memcpy_w.o(.text)
    __aeabi_memcpy8                          0x08000417   Thumb Code     0  rt_memcpy_w.o(.text)
    __rt_memcpy_w                            0x08000417   Thumb Code   100  rt_memcpy_w.o(.text)
    _memcpy_lastbytes_aligned                0x0800045f   Thumb Code     0  rt_memcpy_w.o(.text)
    __aeabi_memclr4                          0x0800047b   Thumb Code     0  rt_memclr_w.o(.text)
    __aeabi_memclr8                          0x0800047b   Thumb Code     0  rt_memclr_w.o(.text)
    __rt_memclr_w                            0x0800047b   Thumb Code    78  rt_memclr_w.o(.text)
    _memset_w                                0x0800047f   Thumb Code     0  rt_memclr_w.o(.text)
    __use_two_region_memory                  0x080004c9   Thumb Code     2  heapauxi.o(.text)
    __rt_heap_escrow                         0x080004cb   Thumb Code     2  heapauxi.o(.text)
    __rt_heap_expand                         0x080004cd   Thumb Code     2  heapauxi.o(.text)
    __rt_heap_descriptor                     0x080004d1   Thumb Code     8  rt_heap_descriptor_intlibspace.o(.text)
    __use_no_heap                            0x080004d9   Thumb Code     2  hguard.o(.text)
    __heap$guard                             0x080004db   Thumb Code     2  hguard.o(.text)
    _terminate_user_alloc                    0x080004dd   Thumb Code     2  init_alloc.o(.text)
    _init_user_alloc                         0x080004df   Thumb Code     2  init_alloc.o(.text)
    __Heap_Full                              0x080004e1   Thumb Code    34  init_alloc.o(.text)
    __Heap_Broken                            0x08000503   Thumb Code     6  init_alloc.o(.text)
    _init_alloc                              0x08000509   Thumb Code    94  init_alloc.o(.text)
    __Heap_Initialize                        0x08000567   Thumb Code    10  h1_init.o(.text)
    __Heap_DescSize                          0x08000571   Thumb Code     4  h1_init.o(.text)
    __user_libspace                          0x08000575   Thumb Code     8  libspace.o(.text)
    __user_perproc_libspace                  0x08000575   Thumb Code     0  libspace.o(.text)
    __user_perthread_libspace                0x08000575   Thumb Code     0  libspace.o(.text)
    __Heap_ProvideMemory                     0x0800057d   Thumb Code    52  h1_extend.o(.text)
    __rt_SIGRTMEM                            0x080005b1   Thumb Code    14  defsig_rtmem_outer.o(.text)
    __I$use$semihosting                      0x080005bf   Thumb Code     0  use_no_semi.o(.text)
    __use_no_semihosting_swi                 0x080005bf   Thumb Code     2  use_no_semi.o(.text)
    __semihosting_library_function           0x080005c1   Thumb Code     0  indicate_semi.o(.text)
    __user_setup_stackheap                   0x080005c1   Thumb Code    74  sys_stackheap_outer.o(.text)
    exit                                     0x0800060b   Thumb Code    18  exit.o(.text)
    __sig_exit                               0x0800061d   Thumb Code    10  defsig_exit.o(.text)
    __rt_SIGRTMEM_inner                      0x08000629   Thumb Code    22  defsig_rtmem_inner.o(.text)
    _sys_exit                                0x08000679   Thumb Code     8  sys_exit.o(.text)
    __default_signal_display                 0x08000685   Thumb Code    50  defsig_general.o(.text)
    _ttywrch                                 0x080006b7   Thumb Code    14  sys_wrch.o(.text)
    BusFault_Handler                         0x080006c5   Thumb Code     2  stm32f4xx_it.o(i.BusFault_Handler)
    DebugMon_Handler                         0x080007f5   Thumb Code     2  stm32f4xx_it.o(i.DebugMon_Handler)
    Error_Handler                            0x080007f7   Thumb Code     4  main.o(i.Error_Handler)
    HAL_DMA_Abort_IT                         0x08000811   Thumb Code    36  stm32f4xx_hal_dma.o(i.HAL_DMA_Abort_IT)
    HAL_Delay                                0x08000835   Thumb Code    32  stm32f4xx_hal.o(i.HAL_Delay)
    HAL_GPIO_Init                            0x08000859   Thumb Code   446  stm32f4xx_hal_gpio.o(i.HAL_GPIO_Init)
    HAL_GPIO_WritePin                        0x08000a39   Thumb Code    10  stm32f4xx_hal_gpio.o(i.HAL_GPIO_WritePin)
    HAL_GetTick                              0x08000a45   Thumb Code     6  stm32f4xx_hal.o(i.HAL_GetTick)
    HAL_HCD_Connect_Callback                 0x08000a51   Thumb Code     8  usbh_conf.o(i.HAL_HCD_Connect_Callback)
    HAL_HCD_Disconnect_Callback              0x08000a59   Thumb Code     8  usbh_conf.o(i.HAL_HCD_Disconnect_Callback)
    HAL_HCD_GetCurrentFrame                  0x08000a61   Thumb Code     6  stm32f4xx_hal_hcd.o(i.HAL_HCD_GetCurrentFrame)
    HAL_HCD_HC_GetURBState                   0x08000a67   Thumb Code    18  stm32f4xx_hal_hcd.o(i.HAL_HCD_HC_GetURBState)
    HAL_HCD_HC_GetXferCount                  0x08000a79   Thumb Code    16  stm32f4xx_hal_hcd.o(i.HAL_HCD_HC_GetXferCount)
    HAL_HCD_HC_Halt                          0x08000a89   Thumb Code    36  stm32f4xx_hal_hcd.o(i.HAL_HCD_HC_Halt)
    HAL_HCD_HC_Init                          0x08000aad   Thumb Code   118  stm32f4xx_hal_hcd.o(i.HAL_HCD_HC_Init)
    HAL_HCD_HC_NotifyURBChange_Callback      0x08000b23   Thumb Code     2  usbh_conf.o(i.HAL_HCD_HC_NotifyURBChange_Callback)
    HAL_HCD_HC_SubmitRequest                 0x08000b25   Thumb Code   154  stm32f4xx_hal_hcd.o(i.HAL_HCD_HC_SubmitRequest)
    HAL_HCD_IRQHandler                       0x08000bbf   Thumb Code   314  stm32f4xx_hal_hcd.o(i.HAL_HCD_IRQHandler)
    HAL_HCD_Init                             0x08000cf9   Thumb Code   114  stm32f4xx_hal_hcd.o(i.HAL_HCD_Init)
    HAL_HCD_MspInit                          0x08000d6d   Thumb Code   142  usbh_conf.o(i.HAL_HCD_MspInit)
    HAL_HCD_PortDisabled_Callback            0x08000e05   Thumb Code     8  usbh_conf.o(i.HAL_HCD_PortDisabled_Callback)
    HAL_HCD_PortEnabled_Callback             0x08000e0d   Thumb Code     8  usbh_conf.o(i.HAL_HCD_PortEnabled_Callback)
    HAL_HCD_SOF_Callback                     0x08000e15   Thumb Code     8  usbh_conf.o(i.HAL_HCD_SOF_Callback)
    HAL_HCD_Start                            0x08000e1d   Thumb Code    44  stm32f4xx_hal_hcd.o(i.HAL_HCD_Start)
    HAL_HCD_Stop                             0x08000e49   Thumb Code    36  stm32f4xx_hal_hcd.o(i.HAL_HCD_Stop)
    HAL_I2C_Init                             0x08000e6d   Thumb Code   376  stm32f4xx_hal_i2c.o(i.HAL_I2C_Init)
    HAL_I2C_MspInit                          0x08000ff5   Thumb Code    94  stm32f4xx_hal_msp.o(i.HAL_I2C_MspInit)
    HAL_I2SEx_FullDuplex_IRQHandler          0x08001061   Thumb Code   492  stm32f4xx_hal_i2s_ex.o(i.HAL_I2SEx_FullDuplex_IRQHandler)
    HAL_I2SEx_TxRxCpltCallback               0x08001255   Thumb Code     2  stm32f4xx_hal_i2s_ex.o(i.HAL_I2SEx_TxRxCpltCallback)
    HAL_I2S_ErrorCallback                    0x08001257   Thumb Code     2  stm32f4xx_hal_i2s.o(i.HAL_I2S_ErrorCallback)
    HAL_I2S_Init                             0x08001259   Thumb Code   354  stm32f4xx_hal_i2s.o(i.HAL_I2S_Init)
    HAL_I2S_MspInit                          0x080013cd   Thumb Code   212  stm32f4xx_hal_msp.o(i.HAL_I2S_MspInit)
    HAL_I2S_RxCpltCallback                   0x080014b9   Thumb Code     2  stm32f4xx_hal_i2s.o(i.HAL_I2S_RxCpltCallback)
    HAL_I2S_TxCpltCallback                   0x080014bb   Thumb Code     2  stm32f4xx_hal_i2s.o(i.HAL_I2S_TxCpltCallback)
    HAL_IncTick                              0x080014bd   Thumb Code    12  stm32f4xx_hal.o(i.HAL_IncTick)
    HAL_Init                                 0x080014cd   Thumb Code    48  stm32f4xx_hal.o(i.HAL_Init)
    HAL_InitTick                             0x08001501   Thumb Code    54  stm32f4xx_hal.o(i.HAL_InitTick)
    HAL_MspInit                              0x08001541   Thumb Code    48  stm32f4xx_hal_msp.o(i.HAL_MspInit)
    HAL_NVIC_EnableIRQ                       0x08001575   Thumb Code    26  stm32f4xx_hal_cortex.o(i.HAL_NVIC_EnableIRQ)
    HAL_NVIC_SetPriority                     0x08001591   Thumb Code    60  stm32f4xx_hal_cortex.o(i.HAL_NVIC_SetPriority)
    HAL_NVIC_SetPriorityGrouping             0x080015d1   Thumb Code    26  stm32f4xx_hal_cortex.o(i.HAL_NVIC_SetPriorityGrouping)
    HAL_RCCEx_GetPeriphCLKFreq               0x080015f5   Thumb Code    76  stm32f4xx_hal_rcc_ex.o(i.HAL_RCCEx_GetPeriphCLKFreq)
    HAL_RCCEx_PeriphCLKConfig                0x08001651   Thumb Code   310  stm32f4xx_hal_rcc_ex.o(i.HAL_RCCEx_PeriphCLKConfig)
    HAL_RCC_ClockConfig                      0x080017a1   Thumb Code   288  stm32f4xx_hal_rcc.o(i.HAL_RCC_ClockConfig)
    HAL_RCC_GetPCLK1Freq                     0x080018d5   Thumb Code    20  stm32f4xx_hal_rcc.o(i.HAL_RCC_GetPCLK1Freq)
    HAL_RCC_GetSysClockFreq                  0x080018f5   Thumb Code    88  stm32f4xx_hal_rcc.o(i.HAL_RCC_GetSysClockFreq)
    HAL_RCC_OscConfig                        0x08001955   Thumb Code   856  stm32f4xx_hal_rcc.o(i.HAL_RCC_OscConfig)
    HAL_SPI_ErrorCallback                    0x08001cc1   Thumb Code     2  stm32f4xx_hal_spi.o(i.HAL_SPI_ErrorCallback)
    HAL_SPI_IRQHandler                       0x08001cc5   Thumb Code   246  stm32f4xx_hal_spi.o(i.HAL_SPI_IRQHandler)
    HAL_SPI_Init                             0x08001dc1   Thumb Code   188  stm32f4xx_hal_spi.o(i.HAL_SPI_Init)
    HAL_SPI_MspInit                          0x08001e7d   Thumb Code   108  stm32f4xx_hal_msp.o(i.HAL_SPI_MspInit)
    HAL_SPI_Receive_IT                       0x08001ef5   Thumb Code   166  stm32f4xx_hal_spi.o(i.HAL_SPI_Receive_IT)
    HAL_SPI_RxCpltCallback                   0x08001fa5   Thumb Code    20  main.o(i.HAL_SPI_RxCpltCallback)
    HAL_SPI_TransmitReceive_IT               0x08001fc1   Thumb Code   146  stm32f4xx_hal_spi.o(i.HAL_SPI_TransmitReceive_IT)
    HAL_SPI_TxRxCpltCallback                 0x08002065   Thumb Code     2  stm32f4xx_hal_spi.o(i.HAL_SPI_TxRxCpltCallback)
    HAL_SYSTICK_Config                       0x08002067   Thumb Code    40  stm32f4xx_hal_cortex.o(i.HAL_SYSTICK_Config)
    HardFault_Handler                        0x080026d5   Thumb Code     2  stm32f4xx_it.o(i.HardFault_Handler)
    MX_DriverVbusFS                          0x0800288d   Thumb Code    16  usbh_platform.o(i.MX_DriverVbusFS)
    MX_USB_HOST_Init                         0x08002a0d   Thumb Code    52  usb_host.o(i.MX_USB_HOST_Init)
    MemManage_Handler                        0x08002a4d   Thumb Code     2  stm32f4xx_it.o(i.MemManage_Handler)
    NMI_Handler                              0x08002a4f   Thumb Code     2  stm32f4xx_it.o(i.NMI_Handler)
    OTG_FS_IRQHandler                        0x08002a51   Thumb Code     6  stm32f4xx_it.o(i.OTG_FS_IRQHandler)
    PendSV_Handler                           0x08002a5d   Thumb Code     2  stm32f4xx_it.o(i.PendSV_Handler)
    PeriphCommonClock_Config                 0x08002a5f   Thumb Code    42  main.o(i.PeriphCommonClock_Config)
    SPI1_IRQHandler                          0x08002a89   Thumb Code     6  stm32f4xx_it.o(i.SPI1_IRQHandler)
    SVC_Handler                              0x08002ded   Thumb Code     2  stm32f4xx_it.o(i.SVC_Handler)
    SysTick_Handler                          0x08002def   Thumb Code     4  stm32f4xx_it.o(i.SysTick_Handler)
    SystemClock_Config                       0x08002df5   Thumb Code   144  main.o(i.SystemClock_Config)
    SystemInit                               0x08002e8d   Thumb Code    12  system_stm32f4xx.o(i.SystemInit)
    USBH_AllocPipe                           0x08002e9d   Thumb Code    56  usbh_pipes.o(i.USBH_AllocPipe)
    USBH_BulkReceiveData                     0x08002ed5   Thumb Code    32  usbh_ioreq.o(i.USBH_BulkReceiveData)
    USBH_BulkSendData                        0x08002ef5   Thumb Code    40  usbh_ioreq.o(i.USBH_BulkSendData)
    USBH_CDC_LineCodingChanged               0x080030e3   Thumb Code     2  usbh_cdc.o(i.USBH_CDC_LineCodingChanged)
    USBH_CDC_ReceiveCallback                 0x0800319d   Thumb Code     2  usbh_cdc.o(i.USBH_CDC_ReceiveCallback)
    USBH_CDC_TransmitCallback                0x080031a3   Thumb Code     2  usbh_cdc.o(i.USBH_CDC_TransmitCallback)
    USBH_ClosePipe                           0x080031a5   Thumb Code    10  usbh_pipes.o(i.USBH_ClosePipe)
    USBH_ClrFeature                          0x080031af   Thumb Code    30  usbh_ctlreq.o(i.USBH_ClrFeature)
    USBH_CtlReceiveData                      0x080031cd   Thumb Code    30  usbh_ioreq.o(i.USBH_CtlReceiveData)
    USBH_CtlReq                              0x080031eb   Thumb Code    58  usbh_ctlreq.o(i.USBH_CtlReq)
    USBH_CtlSendData                         0x08003225   Thumb Code    40  usbh_ioreq.o(i.USBH_CtlSendData)
    USBH_CtlSendSetup                        0x0800324d   Thumb Code    30  usbh_ioreq.o(i.USBH_CtlSendSetup)
    USBH_FindInterface                       0x0800326d   Thumb Code    68  usbh_core.o(i.USBH_FindInterface)
    USBH_FreePipe                            0x080032b1   Thumb Code    24  usbh_pipes.o(i.USBH_FreePipe)
    USBH_Get_USB_Status                      0x080032c9   Thumb Code    24  usbh_conf.o(i.USBH_Get_USB_Status)
    USBH_Init                                0x08003473   Thumb Code    62  usbh_core.o(i.USBH_Init)
    USBH_LL_ClosePipe                        0x080034b1   Thumb Code    18  usbh_conf.o(i.USBH_LL_ClosePipe)
    USBH_LL_Connect                          0x080034c3   Thumb Code    20  usbh_core.o(i.USBH_LL_Connect)
    USBH_LL_Disconnect                       0x080034d7   Thumb Code    46  usbh_core.o(i.USBH_LL_Disconnect)
    USBH_LL_DriverVBUS                       0x08003505   Thumb Code    26  usbh_conf.o(i.USBH_LL_DriverVBUS)
    USBH_LL_GetLastXferSize                  0x0800351f   Thumb Code     8  usbh_conf.o(i.USBH_LL_GetLastXferSize)
    USBH_LL_GetURBState                      0x08003527   Thumb Code     8  usbh_conf.o(i.USBH_LL_GetURBState)
    USBH_LL_IncTimer                         0x0800352f   Thumb Code    30  usbh_core.o(i.USBH_LL_IncTimer)
    USBH_LL_Init                             0x0800354d   Thumb Code    74  usbh_conf.o(i.USBH_LL_Init)
    USBH_LL_OpenPipe                         0x0800359d   Thumb Code    28  usbh_conf.o(i.USBH_LL_OpenPipe)
    USBH_LL_PortDisabled                     0x080035b9   Thumb Code     8  usbh_core.o(i.USBH_LL_PortDisabled)
    USBH_LL_PortEnabled                      0x080035c1   Thumb Code     8  usbh_core.o(i.USBH_LL_PortEnabled)
    USBH_LL_SetTimer                         0x080035c9   Thumb Code     6  usbh_core.o(i.USBH_LL_SetTimer)
    USBH_LL_SetToggle                        0x080035cf   Thumb Code    36  usbh_conf.o(i.USBH_LL_SetToggle)
    USBH_LL_Start                            0x080035f3   Thumb Code    18  usbh_conf.o(i.USBH_LL_Start)
    USBH_LL_Stop                             0x08003605   Thumb Code    18  usbh_conf.o(i.USBH_LL_Stop)
    USBH_LL_SubmitURB                        0x08003617   Thumb Code    34  usbh_conf.o(i.USBH_LL_SubmitURB)
    USBH_OpenPipe                            0x08003639   Thumb Code    20  usbh_pipes.o(i.USBH_OpenPipe)
    USBH_RegisterClass                       0x0800364d   Thumb Code    28  usbh_core.o(i.USBH_RegisterClass)
    USBH_SelectInterface                     0x08003669   Thumb Code    22  usbh_core.o(i.USBH_SelectInterface)
    USBH_Start                               0x0800367f   Thumb Code    20  usbh_core.o(i.USBH_Start)
    USB_CoreInit                             0x080036b5   Thumb Code   112  stm32f4xx_ll_usb.o(i.USB_CoreInit)
    USB_DisableGlobalInt                     0x08003769   Thumb Code    12  stm32f4xx_ll_usb.o(i.USB_DisableGlobalInt)
    USB_DoPing                               0x08003775   Thumb Code    30  stm32f4xx_ll_usb.o(i.USB_DoPing)
    USB_DriveVbus                            0x08003799   Thumb Code    44  stm32f4xx_ll_usb.o(i.USB_DriveVbus)
    USB_EnableGlobalInt                      0x080037c5   Thumb Code    12  stm32f4xx_ll_usb.o(i.USB_EnableGlobalInt)
    USB_FlushRxFifo                          0x080037d1   Thumb Code    36  stm32f4xx_ll_usb.o(i.USB_FlushRxFifo)
    USB_FlushTxFifo                          0x080037f9   Thumb Code    40  stm32f4xx_ll_usb.o(i.USB_FlushTxFifo)
    USB_GetCurrentFrame                      0x08003825   Thumb Code     8  stm32f4xx_ll_usb.o(i.USB_GetCurrentFrame)
    USB_GetHostSpeed                         0x0800382d   Thumb Code    14  stm32f4xx_ll_usb.o(i.USB_GetHostSpeed)
    USB_GetMode                              0x0800383b   Thumb Code     8  stm32f4xx_ll_usb.o(i.USB_GetMode)
    USB_HC_Halt                              0x08003843   Thumb Code   216  stm32f4xx_ll_usb.o(i.USB_HC_Halt)
    USB_HC_Init                              0x0800391d   Thumb Code   250  stm32f4xx_ll_usb.o(i.USB_HC_Init)
    USB_HC_ReadInterrupt                     0x08003a17   Thumb Code     8  stm32f4xx_ll_usb.o(i.USB_HC_ReadInterrupt)
    USB_HC_StartXfer                         0x08003a1f   Thumb Code   320  stm32f4xx_ll_usb.o(i.USB_HC_StartXfer)
    USB_HostInit                             0x08003b61   Thumb Code   170  stm32f4xx_ll_usb.o(i.USB_HostInit)
    USB_InitFSLSPClkSel                      0x08003c21   Thumb Code    54  stm32f4xx_ll_usb.o(i.USB_InitFSLSPClkSel)
    USB_ReadInterrupts                       0x08003c57   Thumb Code     8  stm32f4xx_ll_usb.o(i.USB_ReadInterrupts)
    USB_ReadPacket                           0x08003c5f   Thumb Code    62  stm32f4xx_ll_usb.o(i.USB_ReadPacket)
    USB_SetCurrentMode                       0x08003c9d   Thumb Code    92  stm32f4xx_ll_usb.o(i.USB_SetCurrentMode)
    USB_StopHost                             0x08003cf9   Thumb Code   126  stm32f4xx_ll_usb.o(i.USB_StopHost)
    USB_WritePacket                          0x08003d79   Thumb Code    40  stm32f4xx_ll_usb.o(i.USB_WritePacket)
    UsageFault_Handler                       0x08003da1   Thumb Code     2  stm32f4xx_it.o(i.UsageFault_Handler)
    main                                     0x08003dc5   Thumb Code   182  main.o(i.main)
    _fp_init                                 0x08003e9d   Thumb Code    10  fpinit.o(x$fpl$fpinit)
    __fplib_config_fpu_vfp                   0x08003ea5   Thumb Code     0  fpinit.o(x$fpl$fpinit)
    __fplib_config_pureend_doubles           0x08003ea5   Thumb Code     0  fpinit.o(x$fpl$fpinit)
    AHBPrescTable                            0x08003ea6   Data          16  system_stm32f4xx.o(.constdata)
    APBPrescTable                            0x08003eb6   Data           8  system_stm32f4xx.o(.constdata)
    Region$$Table$$Base                      0x08003ec4   Number         0  anon$$obj.o(Region$$Table)
    Region$$Table$$Limit                     0x08003ee4   Number         0  anon$$obj.o(Region$$Table)
    spi_recv_flag                            0x20000000   Data           1  main.o(.data)
    spi_buf                                  0x20000001   Data           5  main.o(.data)
    Appli_state                              0x20000006   Data           1  usb_host.o(.data)
    uwTickFreq                               0x20000008   Data           1  stm32f4xx_hal.o(.data)
    uwTickPrio                               0x2000000c   Data           4  stm32f4xx_hal.o(.data)
    uwTick                                   0x20000010   Data           4  stm32f4xx_hal.o(.data)
    SystemCoreClock                          0x20000014   Data           4  system_stm32f4xx.o(.data)
    CDC_Class                                0x20000018   Data          32  usbh_cdc.o(.data)
    hi2c1                                    0x20000038   Data          84  main.o(.bss)
    hi2s2                                    0x2000008c   Data          72  main.o(.bss)
    hi2s3                                    0x200000d4   Data          72  main.o(.bss)
    hspi1                                    0x2000011c   Data          88  main.o(.bss)
    hUsbHostFS                               0x20000174   Data         984  usb_host.o(.bss)
    hhcd_USB_OTG_FS                          0x2000054c   Data         772  usbh_conf.o(.bss)
    __libspace_start                         0x20000850   Data          96  libspace.o(.bss)
    __temporary_stack_top$libspace           0x200008b0   Data           0  libspace.o(.bss)



==============================================================================

Memory Map of the image

  Image Entry point : 0x08000195

  Load Region LR_IROM1 (Base: 0x08000000, Size: 0x00003f1c, Max: 0x00040000, ABSOLUTE)

    Execution Region ER_IROM1 (Exec base: 0x08000000, Load base: 0x08000000, Size: 0x00003ee4, Max: 0x00040000, ABSOLUTE)

    Exec Addr    Load Addr    Size         Type   Attr      Idx    E Section Name        Object

    0x08000000   0x08000000   0x00000194   Data   RO            3    RESET               startup_stm32f401xc.o
    0x08000194   0x08000194   0x00000008   Code   RO         3922  * !!!main             c_w.l(__main.o)
    0x0800019c   0x0800019c   0x00000034   Code   RO         4135    !!!scatter          c_w.l(__scatter.o)
    0x080001d0   0x080001d0   0x0000001a   Code   RO         4137    !!handler_copy      c_w.l(__scatter_copy.o)
    0x080001ea   0x080001ea   0x00000002   PAD
    0x080001ec   0x080001ec   0x0000001c   Code   RO         4139    !!handler_zi        c_w.l(__scatter_zi.o)
    0x08000208   0x08000208   0x00000002   Code   RO         4072    .ARM.Collect$$libinit$$00000000  c_w.l(libinit.o)
    0x0800020a   0x0800020a   0x00000004   Code   RO         3958    .ARM.Collect$$libinit$$00000001  c_w.l(libinit2.o)
    0x0800020e   0x0800020e   0x00000000   Code   RO         3961    .ARM.Collect$$libinit$$00000004  c_w.l(libinit2.o)
    0x0800020e   0x0800020e   0x00000008   Code   RO         3962    .ARM.Collect$$libinit$$00000005  c_w.l(libinit2.o)
    0x08000216   0x08000216   0x00000000   Code   RO         3964    .ARM.Collect$$libinit$$0000000A  c_w.l(libinit2.o)
    0x08000216   0x08000216   0x00000000   Code   RO         3966    .ARM.Collect$$libinit$$0000000C  c_w.l(libinit2.o)
    0x08000216   0x08000216   0x00000000   Code   RO         3968    .ARM.Collect$$libinit$$0000000E  c_w.l(libinit2.o)
    0x08000216   0x08000216   0x00000000   Code   RO         3971    .ARM.Collect$$libinit$$00000011  c_w.l(libinit2.o)
    0x08000216   0x08000216   0x00000000   Code   RO         3973    .ARM.Collect$$libinit$$00000013  c_w.l(libinit2.o)
    0x08000216   0x08000216   0x00000000   Code   RO         3975    .ARM.Collect$$libinit$$00000015  c_w.l(libinit2.o)
    0x08000216   0x08000216   0x00000000   Code   RO         3977    .ARM.Collect$$libinit$$00000017  c_w.l(libinit2.o)
    0x08000216   0x08000216   0x00000000   Code   RO         3979    .ARM.Collect$$libinit$$00000019  c_w.l(libinit2.o)
    0x08000216   0x08000216   0x00000000   Code   RO         3981    .ARM.Collect$$libinit$$0000001B  c_w.l(libinit2.o)
    0x08000216   0x08000216   0x00000000   Code   RO         3983    .ARM.Collect$$libinit$$0000001D  c_w.l(libinit2.o)
    0x08000216   0x08000216   0x00000000   Code   RO         3985    .ARM.Collect$$libinit$$0000001F  c_w.l(libinit2.o)
    0x08000216   0x08000216   0x00000000   Code   RO         3987    .ARM.Collect$$libinit$$00000021  c_w.l(libinit2.o)
    0x08000216   0x08000216   0x00000000   Code   RO         3989    .ARM.Collect$$libinit$$00000023  c_w.l(libinit2.o)
    0x08000216   0x08000216   0x00000000   Code   RO         3991    .ARM.Collect$$libinit$$00000025  c_w.l(libinit2.o)
    0x08000216   0x08000216   0x00000000   Code   RO         3995    .ARM.Collect$$libinit$$0000002C  c_w.l(libinit2.o)
    0x08000216   0x08000216   0x00000000   Code   RO         3997    .ARM.Collect$$libinit$$0000002E  c_w.l(libinit2.o)
    0x08000216   0x08000216   0x00000000   Code   RO         3999    .ARM.Collect$$libinit$$00000030  c_w.l(libinit2.o)
    0x08000216   0x08000216   0x00000000   Code   RO         4001    .ARM.Collect$$libinit$$00000032  c_w.l(libinit2.o)
    0x08000216   0x08000216   0x00000002   Code   RO         4002    .ARM.Collect$$libinit$$00000033  c_w.l(libinit2.o)
    0x08000218   0x08000218   0x00000002   Code   RO         4132    .ARM.Collect$$libshutdown$$00000000  c_w.l(libshutdown.o)
    0x0800021a   0x0800021a   0x00000000   Code   RO         4088    .ARM.Collect$$libshutdown$$00000002  c_w.l(libshutdown2.o)
    0x0800021a   0x0800021a   0x00000000   Code   RO         4090    .ARM.Collect$$libshutdown$$00000004  c_w.l(libshutdown2.o)
    0x0800021a   0x0800021a   0x00000000   Code   RO         4092    .ARM.Collect$$libshutdown$$00000006  c_w.l(libshutdown2.o)
    0x0800021a   0x0800021a   0x00000000   Code   RO         4095    .ARM.Collect$$libshutdown$$00000009  c_w.l(libshutdown2.o)
    0x0800021a   0x0800021a   0x00000000   Code   RO         4098    .ARM.Collect$$libshutdown$$0000000C  c_w.l(libshutdown2.o)
    0x0800021a   0x0800021a   0x00000000   Code   RO         4100    .ARM.Collect$$libshutdown$$0000000E  c_w.l(libshutdown2.o)
    0x0800021a   0x0800021a   0x00000000   Code   RO         4103    .ARM.Collect$$libshutdown$$00000011  c_w.l(libshutdown2.o)
    0x0800021a   0x0800021a   0x00000002   Code   RO         4104    .ARM.Collect$$libshutdown$$00000012  c_w.l(libshutdown2.o)
    0x0800021c   0x0800021c   0x00000000   Code   RO         3926    .ARM.Collect$$rtentry$$00000000  c_w.l(__rtentry.o)
    0x0800021c   0x0800021c   0x00000000   Code   RO         4009    .ARM.Collect$$rtentry$$00000002  c_w.l(__rtentry2.o)
    0x0800021c   0x0800021c   0x00000006   Code   RO         4021    .ARM.Collect$$rtentry$$00000004  c_w.l(__rtentry4.o)
    0x08000222   0x08000222   0x00000000   Code   RO         4011    .ARM.Collect$$rtentry$$00000009  c_w.l(__rtentry2.o)
    0x08000222   0x08000222   0x00000004   Code   RO         4012    .ARM.Collect$$rtentry$$0000000A  c_w.l(__rtentry2.o)
    0x08000226   0x08000226   0x00000000   Code   RO         4014    .ARM.Collect$$rtentry$$0000000C  c_w.l(__rtentry2.o)
    0x08000226   0x08000226   0x00000008   Code   RO         4015    .ARM.Collect$$rtentry$$0000000D  c_w.l(__rtentry2.o)
    0x0800022e   0x0800022e   0x00000002   Code   RO         4075    .ARM.Collect$$rtexit$$00000000  c_w.l(rtexit.o)
    0x08000230   0x08000230   0x00000000   Code   RO         4108    .ARM.Collect$$rtexit$$00000002  c_w.l(rtexit2.o)
    0x08000230   0x08000230   0x00000004   Code   RO         4109    .ARM.Collect$$rtexit$$00000003  c_w.l(rtexit2.o)
    0x08000234   0x08000234   0x00000006   Code   RO         4110    .ARM.Collect$$rtexit$$00000004  c_w.l(rtexit2.o)
    0x0800023a   0x0800023a   0x00000002   PAD
    0x0800023c   0x0800023c   0x00000000   Code   RO         4027    .emb_text           c_w.l(maybetermalloc1.o)
    0x0800023c   0x0800023c   0x00000040   Code   RO            4    .text               startup_stm32f401xc.o
    0x0800027c   0x0800027c   0x0000005e   Code   RO         3856    .text               c_w.l(h1_alloc.o)
    0x080002da   0x080002da   0x0000004e   Code   RO         3858    .text               c_w.l(h1_free.o)
    0x08000328   0x08000328   0x000000ee   Code   RO         3914    .text               c_w.l(lludivv7m.o)
    0x08000416   0x08000416   0x00000064   Code   RO         3916    .text               c_w.l(rt_memcpy_w.o)
    0x0800047a   0x0800047a   0x0000004e   Code   RO         3918    .text               c_w.l(rt_memclr_w.o)
    0x080004c8   0x080004c8   0x00000006   Code   RO         3920    .text               c_w.l(heapauxi.o)
    0x080004ce   0x080004ce   0x00000002   PAD
    0x080004d0   0x080004d0   0x00000008   Code   RO         3934    .text               c_w.l(rt_heap_descriptor_intlibspace.o)
    0x080004d8   0x080004d8   0x00000004   Code   RO         3936    .text               c_w.l(hguard.o)
    0x080004dc   0x080004dc   0x0000008a   Code   RO         3938    .text               c_w.l(init_alloc.o)
    0x08000566   0x08000566   0x0000000e   Code   RO         3942    .text               c_w.l(h1_init.o)
    0x08000574   0x08000574   0x00000008   Code   RO         4005    .text               c_w.l(libspace.o)
    0x0800057c   0x0800057c   0x00000034   Code   RO         4029    .text               c_w.l(h1_extend.o)
    0x080005b0   0x080005b0   0x0000000e   Code   RO         4033    .text               c_w.l(defsig_rtmem_outer.o)
    0x080005be   0x080005be   0x00000002   Code   RO         4044    .text               c_w.l(use_no_semi.o)
    0x080005c0   0x080005c0   0x00000000   Code   RO         4046    .text               c_w.l(indicate_semi.o)
    0x080005c0   0x080005c0   0x0000004a   Code   RO         4047    .text               c_w.l(sys_stackheap_outer.o)
    0x0800060a   0x0800060a   0x00000012   Code   RO         4053    .text               c_w.l(exit.o)
    0x0800061c   0x0800061c   0x0000000a   Code   RO         4055    .text               c_w.l(defsig_exit.o)
    0x08000626   0x08000626   0x00000002   PAD
    0x08000628   0x08000628   0x00000050   Code   RO         4061    .text               c_w.l(defsig_rtmem_inner.o)
    0x08000678   0x08000678   0x0000000c   Code   RO         4073    .text               c_w.l(sys_exit.o)
    0x08000684   0x08000684   0x00000032   Code   RO         4083    .text               c_w.l(defsig_general.o)
    0x080006b6   0x080006b6   0x0000000e   Code   RO         4105    .text               c_w.l(sys_wrch.o)
    0x080006c4   0x080006c4   0x00000002   Code   RO          186    i.BusFault_Handler  stm32f4xx_it.o
    0x080006c6   0x080006c6   0x00000002   PAD
    0x080006c8   0x080006c8   0x00000068   Code   RO         3734    i.CDC_ProcessReception  usbh_cdc.o
    0x08000730   0x08000730   0x00000072   Code   RO         3735    i.CDC_ProcessTransmission  usbh_cdc.o
    0x080007a2   0x080007a2   0x00000002   PAD
    0x080007a4   0x080007a4   0x00000050   Code   RO         3391    i.DeInitStateMachine  usbh_core.o
    0x080007f4   0x080007f4   0x00000002   Code   RO          187    i.DebugMon_Handler  stm32f4xx_it.o
    0x080007f6   0x080007f6   0x00000004   Code   RO           13    i.Error_Handler     main.o
    0x080007fa   0x080007fa   0x00000016   Code   RO         3736    i.GetLineCoding     usbh_cdc.o
    0x08000810   0x08000810   0x00000024   Code   RO         1577    i.HAL_DMA_Abort_IT  stm32f4xx_hal_dma.o
    0x08000834   0x08000834   0x00000024   Code   RO         2019    i.HAL_Delay         stm32f4xx_hal.o
    0x08000858   0x08000858   0x000001e0   Code   RO         1469    i.HAL_GPIO_Init     stm32f4xx_hal_gpio.o
    0x08000a38   0x08000a38   0x0000000a   Code   RO         1473    i.HAL_GPIO_WritePin  stm32f4xx_hal_gpio.o
    0x08000a42   0x08000a42   0x00000002   PAD
    0x08000a44   0x08000a44   0x0000000c   Code   RO         2025    i.HAL_GetTick       stm32f4xx_hal.o
    0x08000a50   0x08000a50   0x00000008   Code   RO          406    i.HAL_HCD_Connect_Callback  usbh_conf.o
    0x08000a58   0x08000a58   0x00000008   Code   RO          407    i.HAL_HCD_Disconnect_Callback  usbh_conf.o
    0x08000a60   0x08000a60   0x00000006   Code   RO          614    i.HAL_HCD_GetCurrentFrame  stm32f4xx_hal_hcd.o
    0x08000a66   0x08000a66   0x00000012   Code   RO          618    i.HAL_HCD_HC_GetURBState  stm32f4xx_hal_hcd.o
    0x08000a78   0x08000a78   0x00000010   Code   RO          619    i.HAL_HCD_HC_GetXferCount  stm32f4xx_hal_hcd.o
    0x08000a88   0x08000a88   0x00000024   Code   RO          620    i.HAL_HCD_HC_Halt   stm32f4xx_hal_hcd.o
    0x08000aac   0x08000aac   0x00000076   Code   RO          621    i.HAL_HCD_HC_Init   stm32f4xx_hal_hcd.o
    0x08000b22   0x08000b22   0x00000002   Code   RO          408    i.HAL_HCD_HC_NotifyURBChange_Callback  usbh_conf.o
    0x08000b24   0x08000b24   0x0000009a   Code   RO          623    i.HAL_HCD_HC_SubmitRequest  stm32f4xx_hal_hcd.o
    0x08000bbe   0x08000bbe   0x0000013a   Code   RO          624    i.HAL_HCD_IRQHandler  stm32f4xx_hal_hcd.o
    0x08000cf8   0x08000cf8   0x00000072   Code   RO          625    i.HAL_HCD_Init      stm32f4xx_hal_hcd.o
    0x08000d6a   0x08000d6a   0x00000002   PAD
    0x08000d6c   0x08000d6c   0x00000098   Code   RO          410    i.HAL_HCD_MspInit   usbh_conf.o
    0x08000e04   0x08000e04   0x00000008   Code   RO          411    i.HAL_HCD_PortDisabled_Callback  usbh_conf.o
    0x08000e0c   0x08000e0c   0x00000008   Code   RO          412    i.HAL_HCD_PortEnabled_Callback  usbh_conf.o
    0x08000e14   0x08000e14   0x00000008   Code   RO          413    i.HAL_HCD_SOF_Callback  usbh_conf.o
    0x08000e1c   0x08000e1c   0x0000002c   Code   RO          632    i.HAL_HCD_Start     stm32f4xx_hal_hcd.o
    0x08000e48   0x08000e48   0x00000024   Code   RO          633    i.HAL_HCD_Stop      stm32f4xx_hal_hcd.o
    0x08000e6c   0x08000e6c   0x00000188   Code   RO         2281    i.HAL_I2C_Init      stm32f4xx_hal_i2c.o
    0x08000ff4   0x08000ff4   0x0000006c   Code   RO          275    i.HAL_I2C_MspInit   stm32f4xx_hal_msp.o
    0x08001060   0x08001060   0x000001f4   Code   RO         2911    i.HAL_I2SEx_FullDuplex_IRQHandler  stm32f4xx_hal_i2s_ex.o
    0x08001254   0x08001254   0x00000002   Code   RO         2915    i.HAL_I2SEx_TxRxCpltCallback  stm32f4xx_hal_i2s_ex.o
    0x08001256   0x08001256   0x00000002   Code   RO         2736    i.HAL_I2S_ErrorCallback  stm32f4xx_hal_i2s.o
    0x08001258   0x08001258   0x00000174   Code   RO         2740    i.HAL_I2S_Init      stm32f4xx_hal_i2s.o
    0x080013cc   0x080013cc   0x000000ec   Code   RO          277    i.HAL_I2S_MspInit   stm32f4xx_hal_msp.o
    0x080014b8   0x080014b8   0x00000002   Code   RO         2746    i.HAL_I2S_RxCpltCallback  stm32f4xx_hal_i2s.o
    0x080014ba   0x080014ba   0x00000002   Code   RO         2751    i.HAL_I2S_TxCpltCallback  stm32f4xx_hal_i2s.o
    0x080014bc   0x080014bc   0x00000010   Code   RO         2031    i.HAL_IncTick       stm32f4xx_hal.o
    0x080014cc   0x080014cc   0x00000034   Code   RO         2032    i.HAL_Init          stm32f4xx_hal.o
    0x08001500   0x08001500   0x00000040   Code   RO         2033    i.HAL_InitTick      stm32f4xx_hal.o
    0x08001540   0x08001540   0x00000034   Code   RO          278    i.HAL_MspInit       stm32f4xx_hal_msp.o
    0x08001574   0x08001574   0x0000001a   Code   RO         1882    i.HAL_NVIC_EnableIRQ  stm32f4xx_hal_cortex.o
    0x0800158e   0x0800158e   0x00000002   PAD
    0x08001590   0x08001590   0x00000040   Code   RO         1888    i.HAL_NVIC_SetPriority  stm32f4xx_hal_cortex.o
    0x080015d0   0x080015d0   0x00000024   Code   RO         1889    i.HAL_NVIC_SetPriorityGrouping  stm32f4xx_hal_cortex.o
    0x080015f4   0x080015f4   0x0000005c   Code   RO         1195    i.HAL_RCCEx_GetPeriphCLKFreq  stm32f4xx_hal_rcc_ex.o
    0x08001650   0x08001650   0x00000150   Code   RO         1196    i.HAL_RCCEx_PeriphCLKConfig  stm32f4xx_hal_rcc_ex.o
    0x080017a0   0x080017a0   0x00000134   Code   RO         1091    i.HAL_RCC_ClockConfig  stm32f4xx_hal_rcc.o
    0x080018d4   0x080018d4   0x00000020   Code   RO         1098    i.HAL_RCC_GetPCLK1Freq  stm32f4xx_hal_rcc.o
    0x080018f4   0x080018f4   0x00000060   Code   RO         1100    i.HAL_RCC_GetSysClockFreq  stm32f4xx_hal_rcc.o
    0x08001954   0x08001954   0x0000036c   Code   RO         1103    i.HAL_RCC_OscConfig  stm32f4xx_hal_rcc.o
    0x08001cc0   0x08001cc0   0x00000002   Code   RO         3002    i.HAL_SPI_ErrorCallback  stm32f4xx_hal_spi.o
    0x08001cc2   0x08001cc2   0x00000002   PAD
    0x08001cc4   0x08001cc4   0x000000fc   Code   RO         3005    i.HAL_SPI_IRQHandler  stm32f4xx_hal_spi.o
    0x08001dc0   0x08001dc0   0x000000bc   Code   RO         3006    i.HAL_SPI_Init      stm32f4xx_hal_spi.o
    0x08001e7c   0x08001e7c   0x00000078   Code   RO          280    i.HAL_SPI_MspInit   stm32f4xx_hal_msp.o
    0x08001ef4   0x08001ef4   0x000000b0   Code   RO         3011    i.HAL_SPI_Receive_IT  stm32f4xx_hal_spi.o
    0x08001fa4   0x08001fa4   0x0000001c   Code   RO           14    i.HAL_SPI_RxCpltCallback  main.o
    0x08001fc0   0x08001fc0   0x000000a4   Code   RO         3017    i.HAL_SPI_TransmitReceive_IT  stm32f4xx_hal_spi.o
    0x08002064   0x08002064   0x00000002   Code   RO         3022    i.HAL_SPI_TxRxCpltCallback  stm32f4xx_hal_spi.o
    0x08002066   0x08002066   0x00000028   Code   RO         1893    i.HAL_SYSTICK_Config  stm32f4xx_hal_cortex.o
    0x0800208e   0x0800208e   0x0000027c   Code   RO          635    i.HCD_HC_IN_IRQHandler  stm32f4xx_hal_hcd.o
    0x0800230a   0x0800230a   0x000002aa   Code   RO          636    i.HCD_HC_OUT_IRQHandler  stm32f4xx_hal_hcd.o
    0x080025b4   0x080025b4   0x00000094   Code   RO          637    i.HCD_Port_IRQHandler  stm32f4xx_hal_hcd.o
    0x08002648   0x08002648   0x0000008c   Code   RO          638    i.HCD_RXQLVL_IRQHandler  stm32f4xx_hal_hcd.o
    0x080026d4   0x080026d4   0x00000002   Code   RO          188    i.HardFault_Handler  stm32f4xx_it.o
    0x080026d6   0x080026d6   0x00000002   PAD
    0x080026d8   0x080026d8   0x00000060   Code   RO         2918    i.I2SEx_RxISR_I2SExt  stm32f4xx_hal_i2s_ex.o
    0x08002738   0x08002738   0x00000060   Code   RO         2919    i.I2SEx_TxISR_I2SExt  stm32f4xx_hal_i2s_ex.o
    0x08002798   0x08002798   0x000000f2   Code   RO         2758    i.I2S_IRQHandler    stm32f4xx_hal_i2s.o
    0x0800288a   0x0800288a   0x00000002   PAD
    0x0800288c   0x0800288c   0x00000014   Code   RO          587    i.MX_DriverVbusFS   usbh_platform.o
    0x080028a0   0x080028a0   0x00000130   Code   RO           15    i.MX_GPIO_Init      main.o
    0x080029d0   0x080029d0   0x0000003c   Code   RO           16    i.MX_SPI1_Init      main.o
    0x08002a0c   0x08002a0c   0x00000040   Code   RO          334    i.MX_USB_HOST_Init  usb_host.o
    0x08002a4c   0x08002a4c   0x00000002   Code   RO          189    i.MemManage_Handler  stm32f4xx_it.o
    0x08002a4e   0x08002a4e   0x00000002   Code   RO          190    i.NMI_Handler       stm32f4xx_it.o
    0x08002a50   0x08002a50   0x0000000c   Code   RO          191    i.OTG_FS_IRQHandler  stm32f4xx_it.o
    0x08002a5c   0x08002a5c   0x00000002   Code   RO          192    i.PendSV_Handler    stm32f4xx_it.o
    0x08002a5e   0x08002a5e   0x0000002a   Code   RO           17    i.PeriphCommonClock_Config  main.o
    0x08002a88   0x08002a88   0x0000000c   Code   RO          193    i.SPI1_IRQHandler   stm32f4xx_it.o
    0x08002a94   0x08002a94   0x00000030   Code   RO         3024    i.SPI_2linesRxISR_16BIT  stm32f4xx_hal_spi.o
    0x08002ac4   0x08002ac4   0x00000030   Code   RO         3025    i.SPI_2linesRxISR_8BIT  stm32f4xx_hal_spi.o
    0x08002af4   0x08002af4   0x00000030   Code   RO         3026    i.SPI_2linesTxISR_16BIT  stm32f4xx_hal_spi.o
    0x08002b24   0x08002b24   0x00000030   Code   RO         3027    i.SPI_2linesTxISR_8BIT  stm32f4xx_hal_spi.o
    0x08002b54   0x08002b54   0x00000090   Code   RO         3030    i.SPI_CloseRxTx_ISR  stm32f4xx_hal_spi.o
    0x08002be4   0x08002be4   0x0000004c   Code   RO         3031    i.SPI_CloseRx_ISR   stm32f4xx_hal_spi.o
    0x08002c30   0x08002c30   0x00000010   Code   RO         3033    i.SPI_DMAAbortOnError  stm32f4xx_hal_spi.o
    0x08002c40   0x08002c40   0x0000005c   Code   RO         3043    i.SPI_EndRxTransaction  stm32f4xx_hal_spi.o
    0x08002c9c   0x08002c9c   0x00000058   Code   RO         3044    i.SPI_EndRxTxTransaction  stm32f4xx_hal_spi.o
    0x08002cf4   0x08002cf4   0x00000020   Code   RO         3045    i.SPI_RxISR_16BIT   stm32f4xx_hal_spi.o
    0x08002d14   0x08002d14   0x00000020   Code   RO         3046    i.SPI_RxISR_8BIT    stm32f4xx_hal_spi.o
    0x08002d34   0x08002d34   0x000000b8   Code   RO         3049    i.SPI_WaitFlagStateUntilTimeout  stm32f4xx_hal_spi.o
    0x08002dec   0x08002dec   0x00000002   Code   RO          194    i.SVC_Handler       stm32f4xx_it.o
    0x08002dee   0x08002dee   0x00000004   Code   RO          195    i.SysTick_Handler   stm32f4xx_it.o
    0x08002df2   0x08002df2   0x00000002   PAD
    0x08002df4   0x08002df4   0x00000098   Code   RO           18    i.SystemClock_Config  main.o
    0x08002e8c   0x08002e8c   0x00000010   Code   RO         3354    i.SystemInit        system_stm32f4xx.o
    0x08002e9c   0x08002e9c   0x00000038   Code   RO         3692    i.USBH_AllocPipe    usbh_pipes.o
    0x08002ed4   0x08002ed4   0x00000020   Code   RO         3620    i.USBH_BulkReceiveData  usbh_ioreq.o
    0x08002ef4   0x08002ef4   0x00000028   Code   RO         3621    i.USBH_BulkSendData  usbh_ioreq.o
    0x08002f1c   0x08002f1c   0x00000024   Code   RO         3737    i.USBH_CDC_ClassRequest  usbh_cdc.o
    0x08002f40   0x08002f40   0x0000005e   Code   RO         3740    i.USBH_CDC_InterfaceDeInit  usbh_cdc.o
    0x08002f9e   0x08002f9e   0x00000144   Code   RO         3741    i.USBH_CDC_InterfaceInit  usbh_cdc.o
    0x080030e2   0x080030e2   0x00000002   Code   RO         3742    i.USBH_CDC_LineCodingChanged  usbh_cdc.o
    0x080030e4   0x080030e4   0x000000b8   Code   RO         3743    i.USBH_CDC_Process  usbh_cdc.o
    0x0800319c   0x0800319c   0x00000002   Code   RO         3745    i.USBH_CDC_ReceiveCallback  usbh_cdc.o
    0x0800319e   0x0800319e   0x00000004   Code   RO         3746    i.USBH_CDC_SOFProcess  usbh_cdc.o
    0x080031a2   0x080031a2   0x00000002   Code   RO         3750    i.USBH_CDC_TransmitCallback  usbh_cdc.o
    0x080031a4   0x080031a4   0x0000000a   Code   RO         3693    i.USBH_ClosePipe    usbh_pipes.o
    0x080031ae   0x080031ae   0x0000001e   Code   RO         3526    i.USBH_ClrFeature   usbh_ctlreq.o
    0x080031cc   0x080031cc   0x0000001e   Code   RO         3622    i.USBH_CtlReceiveData  usbh_ioreq.o
    0x080031ea   0x080031ea   0x0000003a   Code   RO         3527    i.USBH_CtlReq       usbh_ctlreq.o
    0x08003224   0x08003224   0x00000028   Code   RO         3623    i.USBH_CtlSendData  usbh_ioreq.o
    0x0800324c   0x0800324c   0x0000001e   Code   RO         3624    i.USBH_CtlSendSetup  usbh_ioreq.o
    0x0800326a   0x0800326a   0x00000002   PAD
    0x0800326c   0x0800326c   0x00000044   Code   RO         3393    i.USBH_FindInterface  usbh_core.o
    0x080032b0   0x080032b0   0x00000018   Code   RO         3694    i.USBH_FreePipe     usbh_pipes.o
    0x080032c8   0x080032c8   0x00000018   Code   RO          415    i.USBH_Get_USB_Status  usbh_conf.o
    0x080032e0   0x080032e0   0x00000192   Code   RO         3533    i.USBH_HandleControl  usbh_ctlreq.o
    0x08003472   0x08003472   0x0000003e   Code   RO         3397    i.USBH_Init         usbh_core.o
    0x080034b0   0x080034b0   0x00000012   Code   RO          416    i.USBH_LL_ClosePipe  usbh_conf.o
    0x080034c2   0x080034c2   0x00000014   Code   RO         3399    i.USBH_LL_Connect   usbh_core.o
    0x080034d6   0x080034d6   0x0000002e   Code   RO         3400    i.USBH_LL_Disconnect  usbh_core.o
    0x08003504   0x08003504   0x0000001a   Code   RO          418    i.USBH_LL_DriverVBUS  usbh_conf.o
    0x0800351e   0x0800351e   0x00000008   Code   RO          419    i.USBH_LL_GetLastXferSize  usbh_conf.o
    0x08003526   0x08003526   0x00000008   Code   RO          422    i.USBH_LL_GetURBState  usbh_conf.o
    0x0800352e   0x0800352e   0x0000001e   Code   RO         3401    i.USBH_LL_IncTimer  usbh_core.o
    0x0800354c   0x0800354c   0x00000050   Code   RO          423    i.USBH_LL_Init      usbh_conf.o
    0x0800359c   0x0800359c   0x0000001c   Code   RO          424    i.USBH_LL_OpenPipe  usbh_conf.o
    0x080035b8   0x080035b8   0x00000008   Code   RO         3402    i.USBH_LL_PortDisabled  usbh_core.o
    0x080035c0   0x080035c0   0x00000008   Code   RO         3403    i.USBH_LL_PortEnabled  usbh_core.o
    0x080035c8   0x080035c8   0x00000006   Code   RO         3404    i.USBH_LL_SetTimer  usbh_core.o
    0x080035ce   0x080035ce   0x00000024   Code   RO          426    i.USBH_LL_SetToggle  usbh_conf.o
    0x080035f2   0x080035f2   0x00000012   Code   RO          427    i.USBH_LL_Start     usbh_conf.o
    0x08003604   0x08003604   0x00000012   Code   RO          428    i.USBH_LL_Stop      usbh_conf.o
    0x08003616   0x08003616   0x00000022   Code   RO          429    i.USBH_LL_SubmitURB  usbh_conf.o
    0x08003638   0x08003638   0x00000014   Code   RO         3695    i.USBH_OpenPipe     usbh_pipes.o
    0x0800364c   0x0800364c   0x0000001c   Code   RO         3407    i.USBH_RegisterClass  usbh_core.o
    0x08003668   0x08003668   0x00000016   Code   RO         3408    i.USBH_SelectInterface  usbh_core.o
    0x0800367e   0x0800367e   0x00000014   Code   RO         3409    i.USBH_Start        usbh_core.o
    0x08003692   0x08003692   0x00000002   PAD
    0x08003694   0x08003694   0x00000020   Code   RO          336    i.USBH_UserProcess  usb_host.o
    0x080036b4   0x080036b4   0x00000074   Code   RO          798    i.USB_CoreInit      stm32f4xx_ll_usb.o
    0x08003728   0x08003728   0x00000040   Code   RO          799    i.USB_CoreReset     stm32f4xx_ll_usb.o
    0x08003768   0x08003768   0x0000000c   Code   RO          806    i.USB_DisableGlobalInt  stm32f4xx_ll_usb.o
    0x08003774   0x08003774   0x00000024   Code   RO          807    i.USB_DoPing        stm32f4xx_ll_usb.o
    0x08003798   0x08003798   0x0000002c   Code   RO          808    i.USB_DriveVbus     stm32f4xx_ll_usb.o
    0x080037c4   0x080037c4   0x0000000c   Code   RO          814    i.USB_EnableGlobalInt  stm32f4xx_ll_usb.o
    0x080037d0   0x080037d0   0x00000028   Code   RO          815    i.USB_FlushRxFifo   stm32f4xx_ll_usb.o
    0x080037f8   0x080037f8   0x0000002c   Code   RO          816    i.USB_FlushTxFifo   stm32f4xx_ll_usb.o
    0x08003824   0x08003824   0x00000008   Code   RO          817    i.USB_GetCurrentFrame  stm32f4xx_ll_usb.o
    0x0800382c   0x0800382c   0x0000000e   Code   RO          819    i.USB_GetHostSpeed  stm32f4xx_ll_usb.o
    0x0800383a   0x0800383a   0x00000008   Code   RO          820    i.USB_GetMode       stm32f4xx_ll_usb.o
    0x08003842   0x08003842   0x000000d8   Code   RO          821    i.USB_HC_Halt       stm32f4xx_ll_usb.o
    0x0800391a   0x0800391a   0x00000002   PAD
    0x0800391c   0x0800391c   0x000000fa   Code   RO          822    i.USB_HC_Init       stm32f4xx_ll_usb.o
    0x08003a16   0x08003a16   0x00000008   Code   RO          823    i.USB_HC_ReadInterrupt  stm32f4xx_ll_usb.o
    0x08003a1e   0x08003a1e   0x00000140   Code   RO          824    i.USB_HC_StartXfer  stm32f4xx_ll_usb.o
    0x08003b5e   0x08003b5e   0x00000002   PAD
    0x08003b60   0x08003b60   0x000000c0   Code   RO          825    i.USB_HostInit      stm32f4xx_ll_usb.o
    0x08003c20   0x08003c20   0x00000036   Code   RO          826    i.USB_InitFSLSPClkSel  stm32f4xx_ll_usb.o
    0x08003c56   0x08003c56   0x00000008   Code   RO          831    i.USB_ReadInterrupts  stm32f4xx_ll_usb.o
    0x08003c5e   0x08003c5e   0x0000003e   Code   RO          832    i.USB_ReadPacket    stm32f4xx_ll_usb.o
    0x08003c9c   0x08003c9c   0x0000005c   Code   RO          834    i.USB_SetCurrentMode  stm32f4xx_ll_usb.o
    0x08003cf8   0x08003cf8   0x0000007e   Code   RO          839    i.USB_StopHost      stm32f4xx_ll_usb.o
    0x08003d76   0x08003d76   0x00000002   PAD
    0x08003d78   0x08003d78   0x00000028   Code   RO          840    i.USB_WritePacket   stm32f4xx_ll_usb.o
    0x08003da0   0x08003da0   0x00000002   Code   RO          196    i.UsageFault_Handler  stm32f4xx_it.o
    0x08003da2   0x08003da2   0x00000020   Code   RO         1895    i.__NVIC_SetPriority  stm32f4xx_hal_cortex.o
    0x08003dc2   0x08003dc2   0x00000002   PAD
    0x08003dc4   0x08003dc4   0x000000d8   Code   RO           19    i.main              main.o
    0x08003e9c   0x08003e9c   0x0000000a   Code   RO         4042    x$fpl$fpinit        fz_wm.l(fpinit.o)
    0x08003ea6   0x08003ea6   0x00000010   Data   RO         3355    .constdata          system_stm32f4xx.o
    0x08003eb6   0x08003eb6   0x00000008   Data   RO         3356    .constdata          system_stm32f4xx.o
    0x08003ebe   0x08003ebe   0x00000002   PAD
    0x08003ec0   0x08003ec0   0x00000004   Data   RO         3751    .conststring        usbh_cdc.o
    0x08003ec4   0x08003ec4   0x00000020   Data   RO         4133    Region$$Table       anon$$obj.o


    Execution Region RW_IRAM1 (Exec base: 0x20000000, Load base: 0x08003ee4, Size: 0x00000eb0, Max: 0x00010000, ABSOLUTE)

    Exec Addr    Load Addr    Size         Type   Attr      Idx    E Section Name        Object

    0x20000000   0x08003ee4   0x00000006   Data   RW           21    .data               main.o
    0x20000006   0x08003eea   0x00000001   Data   RW          338    .data               usb_host.o
    0x20000007   0x08003eeb   0x00000001   PAD
    0x20000008   0x08003eec   0x0000000c   Data   RW         2039    .data               stm32f4xx_hal.o
    0x20000014   0x08003ef8   0x00000004   Data   RW         3357    .data               system_stm32f4xx.o
    0x20000018   0x08003efc   0x00000020   Data   RW         3752    .data               usbh_cdc.o
    0x20000038        -       0x0000013c   Zero   RW           20    .bss                main.o
    0x20000174        -       0x000003d8   Zero   RW          337    .bss                usb_host.o
    0x2000054c        -       0x00000304   Zero   RW          430    .bss                usbh_conf.o
    0x20000850        -       0x00000060   Zero   RW         4006    .bss                c_w.l(libspace.o)
    0x200008b0        -       0x00000200   Zero   RW            2    HEAP                startup_stm32f401xc.o
    0x20000ab0        -       0x00000400   Zero   RW            1    STACK               startup_stm32f401xc.o


==============================================================================

Image component sizes


      Code (inc. data)   RO Data    RW Data    ZI Data      Debug   Object Name

       806         78          0          6        316     407338   main.o
        64         26        404          0       1536        856   startup_stm32f401xc.o
       180         28          0         12          0       9357   stm32f4xx_hal.o
       198         14          0          0          0      34007   stm32f4xx_hal_cortex.o
        36          0          0          0          0       1235   stm32f4xx_hal_dma.o
       490         34          0          0          0       2208   stm32f4xx_hal_gpio.o
      2462          0          0          0          0      13011   stm32f4xx_hal_hcd.o
       392         16          0          0          0       3139   stm32f4xx_hal_i2c.o
       620         18          0          0          0       4253   stm32f4xx_hal_i2s.o
       694         24          0          0          0       3799   stm32f4xx_hal_i2s_ex.o
       516         54          0          0          0       3324   stm32f4xx_hal_msp.o
      1312         60          0          0          0       4697   stm32f4xx_hal_rcc.o
       428         42          0          0          0       2317   stm32f4xx_hal_rcc_ex.o
      1640         50          0          0          0      13849   stm32f4xx_hal_spi.o
        44         12          0          0          0       5216   stm32f4xx_it.o
      1766         46          0          0          0      18169   stm32f4xx_ll_usb.o
        16          4         24          4          0       1163   system_stm32f4xx.o
        96         16          0          1        984       9580   usb_host.o
       888          6          4         32          0      12904   usbh_cdc.o
       492         16          0          0        772      11817   usbh_conf.o
       398          0          0          0          0       8978   usbh_core.o
       490         12          0          0          0       3519   usbh_ctlreq.o
       172          0          0          0          0       4416   usbh_ioreq.o
       110          0          0          0          0       3406   usbh_pipes.o
        20          4          0          0          0        554   usbh_platform.o

    ----------------------------------------------------------------------
     14360        560        466         56       3608     583112   Object Totals
         0          0         32          0          0          0   (incl. Generated)
        30          0          2          1          0          0   (incl. Padding)

    ----------------------------------------------------------------------

      Code (inc. data)   RO Data    RW Data    ZI Data      Debug   Library Member Name

         8          0          0          0          0         68   __main.o
         0          0          0          0          0          0   __rtentry.o
        12          0          0          0          0          0   __rtentry2.o
         6          0          0          0          0          0   __rtentry4.o
        52          8          0          0          0          0   __scatter.o
        26          0          0          0          0          0   __scatter_copy.o
        28          0          0          0          0          0   __scatter_zi.o
        10          0          0          0          0         68   defsig_exit.o
        50          0          0          0          0         88   defsig_general.o
        80         58          0          0          0         76   defsig_rtmem_inner.o
        14          0          0          0          0         80   defsig_rtmem_outer.o
        18          0          0          0          0         80   exit.o
        94          0          0          0          0         80   h1_alloc.o
        52          0          0          0          0         68   h1_extend.o
        78          0          0          0          0         80   h1_free.o
        14          0          0          0          0         84   h1_init.o
         6          0          0          0          0        152   heapauxi.o
         4          0          0          0          0        136   hguard.o
         0          0          0          0          0          0   indicate_semi.o
       138          0          0          0          0        168   init_alloc.o
         2          0          0          0          0          0   libinit.o
        14          0          0          0          0          0   libinit2.o
         2          0          0          0          0          0   libshutdown.o
         2          0          0          0          0          0   libshutdown2.o
         8          4          0          0         96         68   libspace.o
       238          0          0          0          0        100   lludivv7m.o
         0          0          0          0          0          0   maybetermalloc1.o
         8          4          0          0          0         68   rt_heap_descriptor_intlibspace.o
        78          0          0          0          0         80   rt_memclr_w.o
       100          0          0          0          0         80   rt_memcpy_w.o
         2          0          0          0          0          0   rtexit.o
        10          0          0          0          0          0   rtexit2.o
        12          4          0          0          0         68   sys_exit.o
        74          0          0          0          0         80   sys_stackheap_outer.o
        14          0          0          0          0         76   sys_wrch.o
         2          0          0          0          0         68   use_no_semi.o
        10          0          0          0          0        116   fpinit.o

    ----------------------------------------------------------------------
      1274         78          0          0         96       2032   Library Totals
         8          0          0          0          0          0   (incl. Padding)

    ----------------------------------------------------------------------

      Code (inc. data)   RO Data    RW Data    ZI Data      Debug   Library Name

      1256         78          0          0         96       1916   c_w.l
        10          0          0          0          0        116   fz_wm.l

    ----------------------------------------------------------------------
      1274         78          0          0         96       2032   Library Totals

    ----------------------------------------------------------------------

==============================================================================


      Code (inc. data)   RO Data    RW Data    ZI Data      Debug   

     15634        638        466         56       3704     568756   Grand Totals
     15634        638        466         56       3704     568756   ELF Image Totals
     15634        638        466         56          0          0   ROM Totals

==============================================================================

    Total RO  Size (Code + RO Data)                16100 (  15.72kB)
    Total RW  Size (RW Data + ZI Data)              3760 (   3.67kB)
    Total ROM Size (Code + RO Data + RW Data)      16156 (  15.78kB)

==============================================================================

